K = 8   V = 1,180   train 2021-06..2022-05   test 2022-06

fitting fixed emissions ...
fitting drifting emissions (warm start) ...

==============================================================================
Q1  DOES THE EXPECTED SET SIZE GROW?
==============================================================================

  observed mutations per sequence: 7.9 at 2021-06  ->  27.6 at 2022-05

  row     share (last)   size at 2021-06   size at 2022-05    change
  blk0           0.874              27.8              28.2      +0.4
  blk7           0.117              21.9              21.3      -0.6
  blk5           0.005               8.2               4.9      -3.3
  blk2           0.002              30.0              30.9      +1.0
  blk6           0.002              26.3              27.2      +1.0
  blk3           0.001              16.3              16.7      +0.4
  blk4           0.000               5.5               6.6      +1.1
  blk1           0.000               8.1               9.8      +1.7

  population-weighted expected size: 8.0 -> 27.3   (+19.3)
  rows whose fingerprint grew: 6 of 8

  -> drift IS carrying the accumulation. The rise in mutations per sequence is
     represented inside the backgrounds, not only by mass moving to larger ones.

==============================================================================
Q2  WHICH MUTATIONS HAVE THE LARGEST SLOPES?
==============================================================================

  row    mutation     theta first  theta last   change  convergent
  blk0   704L               0.000       0.184   +0.184            
  blk0   452Q               0.000       0.173   +0.173         yes
  blk0   27S                0.907       0.968   +0.062            
  blk0   417N               0.969       0.941   -0.027         yes
  blk0   408S               0.975       0.955   -0.019            
  blk7   493R               0.650       0.518   -0.132         yes
  blk7   484A               0.642       0.519   -0.122         yes
  blk7   440K               0.504       0.385   -0.118            
  blk7   478K               0.625       0.513   -0.112            
  blk7   477N               0.621       0.513   -0.108            
  blk0   493R               0.997       0.982   -0.014         yes
  blk0   440K               0.895       0.909   +0.014            
  blk0   452R               0.003       0.017   +0.014         yes
  blk0   486V               0.003       0.016   +0.013         yes
  blk0   142D               0.959       0.971   +0.012            

  7 of the top 15 are at residues the literature reports recurring
    486V   in blk0   0.003 -> 0.016 (forecast next month 0.019)
    486V   in blk7   0.007 -> 0.008 (forecast next month 0.008)
    452R   in blk0   0.003 -> 0.017 (forecast next month 0.019)
    452R   in blk7   0.008 -> 0.009 (forecast next month 0.009)
    704L   in blk0   0.000 -> 0.184 (forecast next month 0.303)
    704L   in blk7   0.033 -> 0.062 (forecast next month 0.066)
    452Q   in blk0   0.000 -> 0.173 (forecast next month 0.287)
    452Q   in blk7   0.016 -> 0.021 (forecast next month 0.022)

==============================================================================
Q3  WHERE DID THE HELD-OUT GAIN COME FROM?
==============================================================================

  total held-out gain, drift over fixed: +1.039

  mutation     contribution   share of gain  convergent
  486V               +0.208           20.0%         yes
  452R               +0.207           19.9%         yes
  493R               +0.198           19.1%         yes
  704L               +0.137           13.1%            
  452Q               +0.136           13.1%         yes
  614G               +0.029            2.8%            
  19I                +0.028            2.7%            
  27S                +0.028            2.6%            
  501Y               +0.022            2.1%         yes
  67V                -0.021           -2.0%            
  95I                -0.016           -1.6%            
  681H               +0.015            1.5%         yes
  570D               +0.011            1.1%            
  982A               +0.011            1.1%            
  1118H              +0.011            1.1%            

  top 5 mutations account for 75.1% of the total absolute movement

  Concentrated in a few mutations means drift found something specific. Spread
  thinly means it is a general sharpening of the emissions rather than tracking
  a particular lineage.

