K = 8   V = 1,180   train 2021-06..2022-05   test 2022-06

fitting fixed emissions ...
fitting drifting emissions (warm start) ...

==============================================================================
Q1  DOES THE EXPECTED SET SIZE GROW?
==============================================================================

  observed mutations per sequence: 7.9 at 2021-06  ->  27.6 at 2022-05

  row     share (last)   size at 2021-06   size at 2022-05    change
  blk1           0.874              27.8              28.2      +0.4
  blk0           0.116              21.9              21.3      -0.6
  blk3           0.005               6.8               4.5      -2.2
  blk6           0.003              26.6              30.9      +4.3
  blk2           0.001              21.0              22.6      +1.6
  blk5           0.000               8.1               8.7      +0.6
  blk7           0.000               7.4               7.4      +0.0
  blk4           0.000               7.5              11.1      +3.6

  population-weighted expected size: 7.7 -> 27.3   (+19.6)
  rows whose fingerprint grew: 6 of 8

  -> drift IS carrying the accumulation. The rise in mutations per sequence is
     represented inside the backgrounds, not only by mass moving to larger ones.

==============================================================================
Q2  WHICH MUTATIONS HAVE THE LARGEST SLOPES?
==============================================================================

  row    mutation     theta first  theta last   change  convergent
  blk1   704L               0.000       0.184   +0.184            
  blk1   452Q               0.000       0.173   +0.173         yes
  blk1   27S                0.907       0.968   +0.062            
  blk1   417N               0.969       0.941   -0.027         yes
  blk1   408S               0.975       0.955   -0.019            
  blk0   493R               0.649       0.518   -0.132         yes
  blk0   484A               0.640       0.519   -0.122         yes
  blk0   440K               0.503       0.385   -0.118            
  blk0   478K               0.624       0.513   -0.111            
  blk0   477N               0.619       0.512   -0.107            
  blk1   493R               0.997       0.982   -0.014         yes
  blk1   440K               0.895       0.909   +0.014            
  blk1   452R               0.003       0.017   +0.014         yes
  blk1   486V               0.003       0.016   +0.013         yes
  blk1   142D               0.959       0.971   +0.012            

  7 of the top 15 are at residues the literature reports recurring
    486V   in blk0   0.007 -> 0.008 (forecast next month 0.008)
    486V   in blk1   0.003 -> 0.016 (forecast next month 0.019)
    452R   in blk0   0.008 -> 0.009 (forecast next month 0.009)
    452R   in blk1   0.003 -> 0.017 (forecast next month 0.019)
    704L   in blk0   0.033 -> 0.062 (forecast next month 0.066)
    704L   in blk1   0.000 -> 0.184 (forecast next month 0.303)
    452Q   in blk0   0.016 -> 0.021 (forecast next month 0.022)
    452Q   in blk1   0.000 -> 0.173 (forecast next month 0.287)

==============================================================================
Q3  WHERE DID THE HELD-OUT GAIN COME FROM?
==============================================================================

  total held-out gain, drift over fixed: +0.972

  mutation     contribution   share of gain  convergent
  486V               +0.208           21.4%         yes
  452R               +0.207           21.3%         yes
  493R               +0.199           20.4%         yes
  704L               +0.136           14.0%            
  452Q               +0.136           14.0%         yes
  27S                +0.023            2.4%            
  19I                +0.023            2.4%            
  67V                -0.013           -1.3%            
  614G               +0.012            1.2%            
  339D               -0.008           -0.8%            
  145D               -0.007           -0.7%            
  3G                 +0.007            0.7%            
  95I                -0.007           -0.7%            
  501Y               +0.006            0.6%         yes
  484K               +0.004            0.4%         yes

  top 5 mutations account for 83.5% of the total absolute movement

  Concentrated in a few mutations means drift found something specific. Spread
  thinly means it is a general sharpening of the emissions rather than tracking
  a particular lineage.

