V=1,180 K=8 train 2021-06..2022-05 test 2022-06  h=1  tree=False  no-A=True  half-life=6.0mo

--- seed 0 ---
  drift        persistence  -12.441  via A  -12.441  ceiling  -12.429

--- seed 1 ---
  drift        persistence  -11.280  via A  -11.280  ceiling  -10.768

--- seed 2 ---
  drift        persistence  -12.114  via A  -12.114  ceiling  -12.097

====================================================================================
RESULTS  K=8  3 seeds  test 2022-06
====================================================================================

  emission          persistence           via A         ceiling   ceil-pers
  drift         -11.945+/-0.489 -11.945+/-0.489 -11.764+/-0.718      +0.180

====================================================================================
WHICH ROWS FILL IN
====================================================================================

  row     first month above 1%  share (last)  size first  size last   change
  blk1                 2022-01         0.987        27.4       27.5     +0.1
  blk4                 2021-06         0.009         7.1        5.0     -2.1
  blk2                 2021-12         0.003        26.6       30.9     +4.3
  blk3                 2021-12         0.002        21.1       22.6     +1.5
  blk5                 2021-06         0.000         7.9        9.4     +1.5
  blk6                   never         0.000         7.0        7.0     +0.0
  blk0                   never         0.000       590.0      590.0     +0.0
  blk7                   never         0.000       590.0      590.0     +0.0

  observed mutations per sequence: 7.9 -> 27.6
  model expected size (weighted):  7.7 -> 27.3

HOW TO READ
  'ceiling' is the mix fitted on the test month -- the highest score any
  forecast could reach with those emissions. Changing the EMISSION moves it;
  changing the transition cannot.

  A plain chain forecasts the next fingerprint as the last one, so it should
  fit the past better and forecast no better than fixed emissions. chain-trend
  keeps a slope to extrapolate. If the plain chain wins anyway, that prediction
  was wrong and worth knowing.

  With --no-A the forecast is persistence, so the 'via A' column equals
  'persistence' by construction.

