V=1,180 K=8 train 2021-06..2022-05 test 2022-06  h=1  tree=False  no-A=True

--- seed 0 ---
  drift        persistence  -12.875  via A  -12.875  ceiling  -12.863

--- seed 1 ---
  drift        persistence  -11.963  via A  -11.963  ceiling  -11.451

--- seed 2 ---
  drift        persistence  -12.574  via A  -12.574  ceiling  -12.558

====================================================================================
RESULTS  K=8  3 seeds  test 2022-06
====================================================================================

  emission          persistence           via A         ceiling   ceil-pers
  drift         -12.471+/-0.380 -12.471+/-0.380 -12.291+/-0.607      +0.180

====================================================================================
WHICH ROWS FILL IN
====================================================================================

  row     first month above 1%  share (last)  size first  size last   change
  blk1                 2022-01         0.987        27.4       27.4     +0.0
  blk4                 2021-06         0.008         7.3        5.1     -2.2
  blk2                 2021-12         0.003        26.7       30.8     +4.2
  blk3                 2021-12         0.002        21.2       22.5     +1.2
  blk5                 2021-06         0.000         7.9        9.6     +1.7
  blk6                   never         0.000         7.0        7.0     +0.0
  blk0                   never         0.000       590.0      590.0     +0.0
  blk7                   never         0.000       590.0      590.0     +0.0

  observed mutations per sequence: 7.9 -> 27.6
  model expected size (weighted):  7.7 -> 27.3

HOW TO READ
  'ceiling' is the mix fitted on the test month -- the highest score any
  forecast could reach with those emissions. Changing the EMISSION moves it;
  changing the transition cannot.

  A plain chain forecasts the next fingerprint as the last one, so it should
  fit the past better and forecast no better than fixed emissions. chain-trend
  keeps a slope to extrapolate. If the plain chain wins anyway, that prediction
  was wrong and worth knowing.

  With --no-A the forecast is persistence, so the 'via A' column equals
  'persistence' by construction.

