V=1,359 K=8 train 2021-11..2022-09 test 2022-11  h=2  tree=False  no-A=True  half-life=1.0mo
  training ends 2 months before the test month; persistence copies 2022-09

--- seed 0 ---
  fixed        persistence  -19.541  via A  -19.541  ceiling  -19.440
  drift        persistence  -13.576  via A  -13.576  ceiling  -13.473
  chain        persistence  -17.528  via A  -17.528  ceiling  -17.427
  chain-trend  persistence  -15.270  via A  -15.270  ceiling  -15.167

--- seed 1 ---
  fixed        persistence  -20.154  via A  -20.154  ceiling  -20.061
  drift        persistence  -15.327  via A  -15.327  ceiling  -15.231
  chain        persistence  -20.086  via A  -20.086  ceiling  -19.993
  chain-trend  persistence  -18.976  via A  -18.976  ceiling  -18.883

--- seed 2 ---
  fixed        persistence  -14.410  via A  -14.410  ceiling  -14.307
  drift        persistence  -12.588  via A  -12.588  ceiling  -12.486
  chain        persistence  -14.365  via A  -14.365  ceiling  -14.263
  chain-trend  persistence  -13.778  via A  -13.778  ceiling  -13.675

====================================================================================
RESULTS  K=8  3 seeds  test 2022-11
====================================================================================

  emission          persistence           via A         ceiling   ceil-pers
  fixed         -18.035+/-2.575 -18.035+/-2.575 -17.936+/-2.578      +0.099
  drift         -13.830+/-1.133 -13.830+/-1.133 -13.730+/-1.135      +0.100
  chain         -17.326+/-2.340 -17.326+/-2.340 -17.228+/-2.344      +0.099
  chain-trend   -16.008+/-2.185 -16.008+/-2.185 -15.908+/-2.190      +0.100

  drift over fixed: +4.204
  chain over fixed: +0.708
  chain-trend over fixed: +2.027

====================================================================================
WHICH ROWS FILL IN
====================================================================================

  row     first month above 1%  share (last)  size first  size last   change
  blk1                 2022-01         0.914        28.8       31.4     +2.7
  blk5                 2022-02         0.064        23.6       18.5     -5.1
  blk0                 2022-09         0.018        35.8       35.9     +0.0
  blk4                 2021-11         0.003         9.7        9.3     -0.4
  blk7                 2021-12         0.000        30.8       33.7     +2.8
  blk2                 2021-12         0.000        20.8       21.0     +0.2
  blk3                   never         0.000       679.5      679.5     +0.0
  blk6                   never         0.000       679.5      679.5     +0.0

  observed mutations per sequence: 9.6 -> 30.3
  model expected size (weighted):  9.7 -> 30.6

HOW TO READ
  'ceiling' is the mix fitted on the test month -- the highest score any
  forecast could reach with those emissions. Changing the EMISSION moves it;
  changing the transition cannot.

  A plain chain forecasts the next fingerprint as the last one, so it should
  fit the past better and forecast no better than fixed emissions. chain-trend
  keeps a slope to extrapolate. If the plain chain wins anyway, that prediction
  was wrong and worth knowing.

  With --no-A the forecast is persistence, so the 'via A' column equals
  'persistence' by construction.

