V=1,180 K=8 train 2021-06..2022-05 test 2022-06  h=1  tree=False  no-A=True  half-life=3.0mo

--- seed 0 ---
  drift        persistence  -12.154  via A  -12.154  ceiling  -12.142

--- seed 1 ---
  drift        persistence  -10.603  via A  -10.603  ceiling  -10.092

--- seed 2 ---
  drift        persistence  -11.741  via A  -11.741  ceiling  -11.724

====================================================================================
RESULTS  K=8  3 seeds  test 2022-06
====================================================================================

  emission          persistence           via A         ceiling   ceil-pers
  drift         -11.499+/-0.656 -11.499+/-0.656 -11.319+/-0.885      +0.180

====================================================================================
WHICH ROWS FILL IN
====================================================================================

  row     first month above 1%  share (last)  size first  size last   change
  blk1                 2022-01         0.986        27.5       27.6     +0.1
  blk4                 2021-06         0.009         6.9        5.2     -1.7
  blk2                 2021-12         0.003        26.6       30.9     +4.3
  blk3                 2021-12         0.002        21.0       22.6     +1.6
  blk5                 2021-06         0.000         7.9        9.2     +1.2
  blk6                   never         0.000         7.0        7.0     +0.0
  blk0                   never         0.000       590.0      590.0     +0.0
  blk7                   never         0.000       590.0      590.0     +0.0

  observed mutations per sequence: 7.9 -> 27.6
  model expected size (weighted):  7.7 -> 27.4

HOW TO READ
  'ceiling' is the mix fitted on the test month -- the highest score any
  forecast could reach with those emissions. Changing the EMISSION moves it;
  changing the transition cannot.

  A plain chain forecasts the next fingerprint as the last one, so it should
  fit the past better and forecast no better than fixed emissions. chain-trend
  keeps a slope to extrapolate. If the plain chain wins anyway, that prediction
  was wrong and worth knowing.

  With --no-A the forecast is persistence, so the 'via A' column equals
  'persistence' by construction.

