V=1,180 K=8 train 2021-06..2022-05 test 2022-06  h=1  tree=False  no-A=True  half-life=1.0mo

--- seed 0 ---
  drift        persistence  -11.555  via A  -11.555  ceiling  -11.543

--- seed 1 ---
  drift        persistence   -8.949  via A   -8.949  ceiling   -8.427

--- seed 2 ---
  drift        persistence  -10.826  via A  -10.826  ceiling  -10.809

--- seed 3 ---
  drift        persistence  -11.326  via A  -11.326  ceiling  -11.313

--- seed 4 ---
  drift        persistence  -10.823  via A  -10.823  ceiling  -10.806

====================================================================================
RESULTS  K=8  5 seeds  test 2022-06
====================================================================================

  emission          persistence           via A         ceiling   ceil-pers
  drift         -10.696+/-0.919 -10.696+/-0.919 -10.579+/-1.114      +0.116

====================================================================================
WHICH ROWS FILL IN
====================================================================================

  row     first month above 1%  share (last)  size first  size last   change
  blk1                 2022-01         0.986        27.4       27.7     +0.3
  blk4                 2021-06         0.009         6.8        5.9     -0.9
  blk2                 2021-12         0.003        26.8       30.8     +4.1
  blk3                 2021-12         0.002        21.4       22.4     +1.0
  blk5                 2021-06         0.000         8.3        8.5     +0.2
  blk6                   never         0.000         7.0        7.0     -0.0
  blk0                   never         0.000       590.0      590.0     +0.0
  blk7                   never         0.000       590.0      590.0     +0.0

  observed mutations per sequence: 7.9 -> 27.6
  model expected size (weighted):  7.9 -> 27.5

HOW TO READ
  'ceiling' is the mix fitted on the test month -- the highest score any
  forecast could reach with those emissions. Changing the EMISSION moves it;
  changing the transition cannot.

  A plain chain forecasts the next fingerprint as the last one, so it should
  fit the past better and forecast no better than fixed emissions. chain-trend
  keeps a slope to extrapolate. If the plain chain wins anyway, that prediction
  was wrong and worth knowing.

  With --no-A the forecast is persistence, so the 'via A' column equals
  'persistence' by construction.

