K = 192   V = 1,359   months 2021-06..2022-06
  2021-06 assigned  2021-07 assigned  2021-08 assigned  2021-09 assigned  2021-10 assigned  2021-11 assigned  2021-12 assigned  2022-01 assigned  2022-02 assigned  2022-03 assigned  2022-04 assigned  2022-05 assigned  2022-06 assigned                              
blocks holding >= 2% of sequences: [4, 46, 58, 66, 82, 113, 118, 137, 165, 191]

==============================================================================
1  LARGEST RESIDUAL CORRELATIONS INSIDE EACH BLOCK
==============================================================================

  For every pair, expected co-occurrence under independence-given-block is
  n * p_a * p_b, using the block's OWN observed rates. The residual is
  (observed - expected)/sqrt(expected). Under exact conditional independence
  these are small; large positive values mean the pair arrives together inside
  the block, which independence cannot represent.


  block 4   share  2.1%   4 mutations vary inside it   median |residual| 4.8
    pair                     observed   expected   residual
    13T + 1264L                 3,473        731     +101.3
    95I + 142D                117,329    110,858      +19.4
    142D + 1264L               25,650     24,711       +6.0
    95I + 1264L                26,434     25,857       +3.6
    13T + 142D                  3,232      3,135       +1.7
    13T + 95I                   3,325      3,280       +0.8

  block 46  share  5.4%   2 mutations vary inside it   median |residual| 10.1
    pair                     observed   expected   residual
    417N + 701V                68,494     65,898      +10.1

  block 58  share 18.2%   5 mutations vary inside it   median |residual| 71.1
    pair                     observed   expected   residual
    222V + 1264L               32,201      4,970     +386.2
    142D + 222V                84,862     47,197     +173.4
    95I + 222V                  1,845     26,357     -151.0
    142D + 1264L               27,510     14,298     +110.5
    95I + 142D                 50,361     75,830      -92.5
    95I + 1264L                 3,545      7,984      -49.7
    95I + 950N                186,932    202,135      -33.8
    142D + 950N               376,825    361,964      +24.7

  block 66  share  2.2%   10 mutations vary inside it   median |residual| 1.5
    pair                     observed   expected   residual
    3G + 76I                        4      1,323      -36.3
    3G + 658S                       0        948      -30.8
    76I + 658S                      1        661      -25.7
    417N + 440K               125,535    121,322      +12.1
    408S + 417N               123,625    120,977       +7.6
    440K + 452R               126,436    124,175       +6.4
    408S + 440K               119,438    117,330       +6.2
    417N + 764K               129,770    127,603       +6.1

  block 82  share 14.9%   3 mutations vary inside it   median |residual| 0.6
    pair                     observed   expected   residual
    142D + 440K               871,963    859,861      +13.1
    408S + 440K               858,476    859,042       -0.6
    142D + 408S               885,457    886,020       -0.6

  block 113 share  2.3%   2 mutations vary inside it   median |residual| 2.9
    pair                     observed   expected   residual
    164K + 452Q                 8,957      8,687       +2.9

  block 118 share  5.4%   3 mutations vary inside it   median |residual| 22.4
    pair                     observed   expected   residual
    346K + 701V                    39     19,212     -138.3
    701V + 764K                36,399     32,373      +22.4
    346K + 764K                81,467     75,889      +20.2

  block 137 share  3.0%   5 mutations vary inside it   median |residual| 10.9
    pair                     observed   expected   residual
    95I + 142D                 17,048      7,010     +119.9
    95I + 222V                    311      1,087      -23.5
    19R + 95I                  34,162     31,275      +16.3
    19R + 142D                 35,623     33,339      +12.5
    142D + 950N                35,088     32,980      +11.6
    95I + 950N                 29,128     30,938      -10.3
    19R + 222V                  5,560      5,172       +5.4
    142D + 222V                 1,278      1,159       +3.5

  block 165 share  7.5%   2 mutations vary inside it   median |residual| 11.2
    pair                     observed   expected   residual
    417N + 764K               441,291    433,925      +11.2

  block 191 share 22.6%   2 mutations vary inside it   median |residual| 11.0
    pair                     observed   expected   residual
    95I + 142D                807,553    817,504      -11.0

==============================================================================
2  SUMMARY
==============================================================================

  block       share   varying   median |res|   max |res|
  blk4         2.1%         4            4.8       101.3
  blk46        5.4%         2           10.1        10.1
  blk58       18.2%         5           71.1       386.2
  blk66        2.2%        10            1.5        36.3
  blk82       14.9%         3            0.6        13.1
  blk113       2.3%         2            2.9         2.9
  blk118       5.4%         3           22.4       138.3
  blk137       3.0%         5           10.9       119.9
  blk165       7.5%         2           11.2        11.2
  blk191      22.6%         2           11.0        11.0

  'varying' counts mutations strictly between 2% and 98% inside the block. A
  pure block has few: its sequences either all carry a mutation or none do. A
  block covering two sub-lineages has many, and those are where independence
  breaks.

==============================================================================
3  SPECIFIC PAIRS
==============================================================================

  486V + 452R
    block       share    p(a)    p(b)   observed   expected   residual
    blk4         2.1%   0.000   0.997          0          0       +0.0
    blk46        5.4%   0.000   0.000          0          0       +0.0
    blk58       18.2%   0.000   0.994          0          0       +0.0
    blk66        2.2%   0.999   0.980    133,536    133,529       +0.0
    blk82       14.9%   0.000   0.001          0          0       -0.0
    blk113       2.3%   0.000   0.000          0          0       -0.0
    blk118       5.4%   0.000   0.003          0          0       -0.0
    blk137       3.0%   0.000   0.984          0          0       +0.0
    blk165       7.5%   0.000   0.000          0          0       -0.0
    blk191      22.6%   0.000   0.997          0          0       +0.0

  452Q + 704L
    block       share    p(a)    p(b)   observed   expected   residual
    blk4         2.1%   0.000   0.001          0          0       -0.0
    blk46        5.4%   0.000   0.001          0          0       -0.0
    blk58       18.2%   0.000   0.001          0          0       +0.0
    blk66        2.2%   0.000   0.001          0          0       -0.0
    blk82       14.9%   0.000   0.000          0          0       -0.0
    blk113       2.3%   0.966   0.995    140,086    140,112       -0.1
    blk118       5.4%   0.000   0.000          0          0       +0.0
    blk137       3.0%   0.000   0.001          0          0       -0.0
    blk165       7.5%   0.000   0.001          0          0       -0.0
    blk191      22.6%   0.000   0.001          0          0       -0.0


HOW TO READ
  A large positive residual for a pair that defines a sub-lineage means the
  block is covering two lineages at once and independence cannot represent it.
  The direct fix is more blocks: split that block and the pair becomes
  independent inside each half.

  Small residuals everywhere mean the assumption holds where it is used, and
  the model's failures lie elsewhere.

  Caveat: residuals scale with block size, so a large block will show larger
  values for the same degree of dependence. Compare the median column across
  blocks rather than raw maxima.

