K = 96   V = 1,359   months 2021-06..2022-06
  2021-06 assigned  2021-07 assigned  2021-08 assigned  2021-09 assigned  2021-10 assigned  2021-11 assigned  2021-12 assigned  2022-01 assigned  2022-02 assigned  2022-03 assigned  2022-04 assigned  2022-05 assigned  2022-06 assigned                              
blocks holding >= 2% of sequences: [4, 22, 46, 53, 58, 66, 74, 80, 82]

==============================================================================
1  LARGEST RESIDUAL CORRELATIONS INSIDE EACH BLOCK
==============================================================================

  For every pair, expected co-occurrence under independence-given-block is
  n * p_a * p_b, using the block's OWN observed rates. The residual is
  (observed - expected)/sqrt(expected). Under exact conditional independence
  these are small; large positive values mean the pair arrives together inside
  the block, which independence cannot represent.


  block 4   share  2.1%   4 mutations vary inside it   median |residual| 4.8
    pair                     observed   expected   residual
    13T + 1264L                 3,486        736     +101.3
    95I + 142D                117,117    110,624      +19.5
    142D + 1264L               25,671     24,732       +6.0
    95I + 1264L                26,462     25,884       +3.6
    13T + 142D                  3,239      3,145       +1.7
    13T + 95I                   3,332      3,292       +0.7

  block 22  share 21.8%   3 mutations vary inside it   median |residual| 24.2
    pair                     observed   expected   residual
    95I + 1104L                25,993     15,926      +79.8
    142D + 1104L               23,217     27,206      -24.2
    95I + 142D                746,824    757,744      -12.5

  block 46  share  5.4%   2 mutations vary inside it   median |residual| 10.2
    pair                     observed   expected   residual
    417N + 701V                68,256     65,654      +10.2

  block 53  share  5.5%   3 mutations vary inside it   median |residual| 22.1
    pair                     observed   expected   residual
    346K + 701V                    40     19,275     -138.5
    701V + 764K                36,443     32,454      +22.1
    346K + 764K                82,117     76,448      +20.5

  block 58  share 19.5%   5 mutations vary inside it   median |residual| 46.4
    pair                     observed   expected   residual
    222V + 1264L               32,390      4,666     +405.8
    95I + 222V                  1,895     31,759     -167.6
    142D + 222V                84,986     52,820     +140.0
    142D + 1264L               27,604     16,042      +91.3
    95I + 1264L                 3,558      9,646      -62.0
    142D + 950N               456,595    436,233      +30.8
    95I + 142D                116,580    109,201      +22.3
    95I + 950N                252,520    262,292      -19.1

  block 66  share  4.4%   12 mutations vary inside it   median |residual| 64.3
    pair                     observed   expected   residual
    452R + 486V               130,056     61,243     +278.1
    486V + 68del21765-21770    125,504     58,913     +274.4
    452R + 68del21765-21770    125,380     59,106     +272.6
    486V + 493R                    49     69,174     -262.8
    452R + 704L                   114     68,733     -261.7
    486V + 704L                   120     68,508     -261.3
    452R + 493R                   673     69,401     -260.9
    452Q + 452R                     0     66,947     -258.7

  block 74  share  3.1%   6 mutations vary inside it   median |residual| 10.8
    pair                     observed   expected   residual
    95I + 142D                 17,397      7,210     +120.0
    222V + 1264L                1,741        213     +104.5
    19R + 95I                  34,852     31,895      +16.6
    95I + 1264L                   385        780      -14.1
    19R + 142D                 36,719     34,285      +13.1
    95I + 222V                  1,278      1,833      -13.0
    142D + 950N                36,137     33,955      +11.8
    95I + 950N                 29,668     31,588      -10.8

  block 80  share  7.5%   2 mutations vary inside it   median |residual| 11.2
    pair                     observed   expected   residual
    417N + 764K               442,033    434,654      +11.2

  block 82  share 15.3%   4 mutations vary inside it   median |residual| 1.6
    pair                     observed   expected   residual
    27S + 24del21633-21641    924,197    889,041      +37.3
    440K + 24del21633-21641    886,050    884,001       +2.2
    27S + 440K                886,316    884,277       +2.2
    408S + 440K               896,597    897,575       -1.0
    27S + 408S                901,916    902,693       -0.8
    408S + 24del21633-21641    901,687    902,411       -0.8

==============================================================================
2  SUMMARY
==============================================================================

  block       share   varying   median |res|   max |res|
  blk4         2.1%         4            4.8       101.3
  blk22       21.8%         3           24.2        79.8
  blk46        5.4%         2           10.2        10.2
  blk53        5.5%         3           22.1       138.5
  blk58       19.5%         5           46.4       405.8
  blk66        4.4%        12           64.3       278.1
  blk74        3.1%         6           10.8       120.0
  blk80        7.5%         2           11.2        11.2
  blk82       15.3%         4            1.6        37.3

  'varying' counts mutations strictly between 2% and 98% inside the block. A
  pure block has few: its sequences either all carry a mutation or none do. A
  block covering two sub-lineages has many, and those are where independence
  breaks.

==============================================================================
3  SPECIFIC PAIRS
==============================================================================

  486V + 452R
    block       share    p(a)    p(b)   observed   expected   residual
    blk4         2.1%   0.000   0.996          0          0       +0.0
    blk22       21.8%   0.000   0.996          0          0       +0.0
    blk46        5.4%   0.000   0.000          0          0       +0.0
    blk53        5.5%   0.000   0.003          0          0       -0.0
    blk58       19.5%   0.000   0.994          0          0       +0.0
    blk66        4.4%   0.468   0.469    130,056     61,243     +278.1
    blk74        3.1%   0.000   0.982          0          0       +0.0
    blk80        7.5%   0.000   0.000          0          0       -0.0
    blk82       15.3%   0.000   0.000          0          0       +0.0

  452Q + 704L
    block       share    p(a)    p(b)   observed   expected   residual
    blk4         2.1%   0.000   0.001          0          0       -0.0
    blk22       21.8%   0.000   0.001          0          0       -0.2
    blk46        5.4%   0.000   0.001          0          0       -0.0
    blk53        5.5%   0.000   0.000          0          0       +0.0
    blk58       19.5%   0.000   0.001          0          0       -0.0
    blk66        4.4%   0.511   0.525    141,460     74,888     +243.3
    blk74        3.1%   0.000   0.001          0          0       -0.0
    blk80        7.5%   0.000   0.001          0          0       -0.0
    blk82       15.3%   0.000   0.000          0          0       +0.0


HOW TO READ
  A large positive residual for a pair that defines a sub-lineage means the
  block is covering two lineages at once and independence cannot represent it.
  The direct fix is more blocks: split that block and the pair becomes
  independent inside each half.

  Small residuals everywhere mean the assumption holds where it is used, and
  the model's failures lie elsewhere.

  Caveat: residuals scale with block size, so a large block will show larger
  values for the same degree of dependence. Compare the median column across
  blocks rather than raw maxima.

