V=1,359 max-K=48 train 2021-06..2022-05 test 2022-06  sigma=1.5  drift=True

--- seed 0 ---
  flat                         -16.354   components 13
  flat + drift                 -13.150   components 13
      split blk39 on 477N -> blk0
      split blk32 on 452Q -> blk3
      split blk46 on 446S -> blk5
      split blk5 on 346K -> blk6
      split blk5 on 371L -> blk7
  flat + drift + split-merge   -12.432   components 18
      birth: blk0 --981F--> blk1   dep 46,654  dLL +93,681,504  dPrior -15,900  cost 0  gain +93,665,604
      iter 50  LL/obs -9.51582  components 2
      iter 100  LL/obs -9.44941  components 2
      iter 150  LL/obs -9.44606  components 2
      iter 200  LL/obs -9.30940  components 2
  hierarchical + birth-death   -21.178   components 2   births 1

============================================================================
LADDER  max-K=48  1 seeds  test 2022-06
============================================================================

  model                                   held-out    components     gain
  flat                           -16.354+/-0.000            13.0   +0.000
  flat + drift                   -13.150+/-0.000            13.0   +3.204
  flat + drift + split-merge     -12.432+/-0.000            18.0   +3.922
  hierarchical + birth-death     -21.178+/-0.000             2.0   -4.824

  THE TREE (births accepted against the prior):
    blk0 --981F--> blk1   gain 93,665,604

  BIRTH ATTEMPTS (seed 0) -- every proposal, accepted or not
     parent    mutation       dep           dLL    dPrior      cost          gain  verdict
          0        981F    46,654   +93,681,504   -15,900         0   +93,665,604  accept
          0        679K    42,606   -22,841,913    -1,161         0   -22,843,074  reject
          0        969K    42,574   -29,912,284    -1,326         0   -29,913,610  reject
          0        954H    42,573   -29,014,387    -1,312         0   -29,015,699  reject
          0        679K    42,608   -29,093,920    -1,154         0   -29,095,074  reject
          0        954H    42,582   -35,669,271    -1,306         0   -35,670,577  reject
          0        969K    42,580   -36,858,453    -1,323         0   -36,859,775  reject
          0        679K    42,607   -31,240,699    -1,145         0   -31,241,844  reject
          0        954H    42,581   -37,935,621    -1,297         0   -37,936,918  reject
          0        969K    42,580   -39,115,414    -1,313         0   -39,116,727  reject
          0        679K    42,607   -32,531,081    -1,136         0   -32,532,217  reject
          0        954H    42,582   -39,376,306    -1,288         0   -39,377,594  reject
          0        969K    42,580   -40,559,866    -1,304         0   -40,561,171  reject
          0        679K    42,608   -33,416,215    -1,129         0   -33,417,344  reject
          0        954H    42,582   -40,450,518    -1,281         0   -40,451,799  reject
          0        969K    42,581   -41,601,647    -1,297         0   -41,602,944  reject
          0        679K    42,608   -33,987,477    -1,121         0   -33,988,597  reject
          0        954H    42,582   -41,154,208    -1,273         0   -41,155,481  reject
          0        969K    42,582   -42,341,198    -1,289         0   -42,342,486  reject
          0        679K    42,608   -34,349,187    -1,112         0   -34,350,299  reject
          0        954H    42,583   -41,666,427    -1,265         0   -41,667,693  reject
          0        969K    42,582   -42,809,426    -1,281         0   -42,810,706  reject
          0        679K    42,608   -34,593,090    -1,105         0   -34,594,195  reject
          0        954H    42,583   -42,014,490    -1,257         0   -42,015,747  reject
          0        969K    42,582   -43,155,360    -1,273         0   -43,156,632  reject
          0        679K    42,608   -34,715,858    -1,096         0   -34,716,955  reject
          0        954H    42,583   -42,228,159    -1,249         0   -42,229,409  reject
          0        969K    42,583   -43,369,921    -1,264         0   -43,371,186  reject
          0        679K    42,608   -34,759,460    -1,088         0   -34,760,549  reject
          0        954H    42,583   -42,357,051    -1,241         0   -42,358,292  reject
          0        969K    42,583   -43,499,488    -1,256         0   -43,500,745  reject
          0        679K    42,608   -34,744,467    -1,080         0   -34,745,547  reject
          0        954H    42,583   -42,428,509    -1,233         0   -42,429,742  reject
          0        969K    42,583   -43,571,095    -1,248         0   -43,572,343  reject
          0        679K    42,608   -34,691,297    -1,072         0   -34,692,369  reject
          0        954H    42,583   -42,458,465    -1,225         0   -42,459,690  reject
          0        969K    42,583   -43,599,128    -1,240         0   -43,600,368  reject
          0        679K    42,609   -34,626,859    -1,064         0   -34,627,923  reject
          0        954H    42,583   -42,465,135    -1,217         0   -42,466,352  reject
          0        969K    42,583   -43,641,276    -1,232         0   -43,642,509  reject
          0        679K    42,609   -34,553,896    -1,056         0   -34,554,952  reject
          0        954H    42,583   -42,458,030    -1,209         0   -42,459,239  reject
          0        969K    42,583   -43,632,569    -1,224         0   -43,633,793  reject
          0        679K    42,609   -34,479,490    -1,049         0   -34,480,539  reject
          0        954H    42,584   -42,445,622    -1,202         0   -42,446,824  reject
          0        969K    42,583   -43,662,666    -1,217         0   -43,663,883  reject
          0        679K    42,609   -34,367,778    -1,041         0   -34,368,819  reject
          0        954H    42,584   -42,380,380    -1,194         0   -42,381,573  reject
          0        969K    42,583   -43,598,087    -1,209         0   -43,599,296  reject
          0        679K    42,609   -34,253,128    -1,033         0   -34,254,161  reject
          0        954H    42,584   -42,334,587    -1,186         0   -42,335,773  reject
          0        969K    42,583   -43,551,691    -1,201         0   -43,552,893  reject
          0        679K    42,609   -34,195,654    -1,025         0   -34,196,679  reject
          0        954H    42,584   -42,330,416    -1,178         0   -42,331,594  reject
          0        969K    42,583   -43,540,626    -1,194         0   -43,541,820  reject
          0        679K    42,609   -34,084,708    -1,017         0   -34,085,725  reject
          0        954H    42,584   -42,245,622    -1,171         0   -42,246,792  reject
          0        969K    42,583   -43,457,788    -1,186         0   -43,458,973  reject
          0        679K    42,609   -33,988,300    -1,009         0   -33,989,309  reject
          0        954H    42,584   -42,174,238    -1,163         0   -42,175,401  reject
          0        969K    42,583   -43,389,976    -1,178         0   -43,391,154  reject
          0        679K    42,609   -33,883,274    -1,001         0   -33,884,276  reject
          0        954H    42,584   -42,088,604    -1,155         0   -42,089,759  reject
          0        969K    42,583   -43,305,602    -1,170         0   -43,306,772  reject
          0        679K    42,609   -33,791,853      -994         0   -33,792,846  reject
          0        954H    42,584   -42,017,255    -1,147         0   -42,018,403  reject
          0        969K    42,583   -43,238,777    -1,162         0   -43,239,940  reject
          0        679K    42,609   -33,717,472      -986         0   -33,718,458  reject
          0        954H    42,584   -41,962,318    -1,140         0   -41,963,458  reject
          0        969K    42,583   -43,187,418    -1,155         0   -43,188,573  reject
          0        679K    42,609   -33,614,248      -978         0   -33,615,227  reject
          0        954H    42,584   -41,871,688    -1,132         0   -41,872,820  reject
          0        969K    42,583   -43,097,146    -1,147         0   -43,098,293  reject
          0        679K    42,609   -33,603,728      -971         0   -33,604,699  reject
          0        954H    42,584   -41,865,828    -1,124         0   -41,866,953  reject
          0        969K    42,583   -43,090,562    -1,140         0   -43,091,702  reject
          0        679K    42,608   -33,544,023      -963         0   -33,544,987  reject
          0        954H    42,584   -41,822,582    -1,117         0   -41,823,699  reject
          0        969K    42,583   -43,048,646    -1,132         0   -43,049,778  reject
          0        679K    42,608   -33,457,288      -956         0   -33,458,243  reject
          0        954H    42,584   -41,737,459    -1,109         0   -41,738,568  reject
          0        969K    42,583   -42,963,417    -1,124         0   -42,964,542  reject
          0        679K    42,608   -33,364,701      -948         0   -33,365,648  reject
          0        954H    42,584   -41,654,633    -1,101         0   -41,655,734  reject
          0        969K    42,583   -42,880,444    -1,117         0   -42,881,561  reject
          0        679K    42,608   -33,275,338      -940         0   -33,276,278  reject
          0        954H    42,584   -41,574,313    -1,094         0   -41,575,406  reject
          0        969K    42,583   -42,800,006    -1,109         0   -42,801,115  reject
          0        679K    42,608   -33,206,377      -932         0   -33,207,309  reject
          0        954H    42,584   -41,517,874    -1,086         0   -41,518,960  reject
          0        969K    42,583   -42,746,845    -1,101         0   -42,747,947  reject
          0        679K    42,608   -33,123,470      -925         0   -33,124,395  reject
          0        954H    42,584   -41,442,146    -1,078         0   -41,443,224  reject
          0        969K    42,583   -42,671,091    -1,094         0   -42,672,185  reject
          0        679K    42,608   -33,043,906      -917         0   -33,044,823  reject
          0        954H    42,584   -41,368,886    -1,070         0   -41,369,956  reject
          0        969K    42,583   -42,597,898    -1,086         0   -42,598,984  reject
          0        679K    42,609   -32,976,701      -909         0   -32,977,610  reject
          0        954H    42,584   -41,579,613    -1,065         0   -41,580,678  reject
          0        969K    42,584   -42,787,510    -1,080         0   -42,788,590  reject
          0        679K    42,608   -32,915,081      -902         0   -32,915,983  reject
          0        954H    42,584   -41,523,536    -1,058         0   -41,524,593  reject
          0        969K    42,584   -42,731,583    -1,073         0   -42,732,656  reject
          0        679K    42,608   -32,847,776      -894         0   -32,848,670  reject
          0        954H    42,584   -41,456,254    -1,050         0   -41,457,305  reject
          0        969K    42,584   -42,664,978    -1,065         0   -42,666,044  reject
          0        679K    42,608   -32,780,319      -886         0   -32,781,205  reject
          0        954H    42,584   -41,390,899    -1,042         0   -41,391,941  reject
          0        969K    42,584   -42,600,566    -1,058         0   -42,601,624  reject
          0        679K    42,608   -32,715,578      -879         0   -32,716,457  reject
          0        954H    42,584   -41,327,416    -1,035         0   -41,328,451  reject
          0        969K    42,584   -42,538,276    -1,050         0   -42,539,326  reject
          0        679K    42,608   -32,653,406      -871         0   -32,654,277  reject
          0        954H    42,584   -41,265,750    -1,027         0   -41,266,777  reject
          0        969K    42,584   -42,477,961    -1,042         0   -42,479,003  reject
          0        679K    42,608   -32,603,771      -863         0   -32,604,634  reject
          0        954H    42,584   -41,217,790    -1,020         0   -41,218,809  reject
          0        969K    42,584   -42,431,283    -1,035         0   -42,432,317  reject
          0        679K    42,608   -32,546,347      -856         0   -32,547,202  reject
          0        954H    42,584   -41,159,890    -1,012         0   -41,160,902  reject
          0        969K    42,584   -42,374,734    -1,027         0   -42,375,761  reject
          0        679K    42,608   -32,491,238      -848         0   -32,492,086  reject
          0        954H    42,584   -41,104,050    -1,004         0   -41,105,054  reject
          0        969K    42,584   -42,320,118    -1,019         0   -42,321,137  reject
          0        679K    42,608   -32,438,098      -840         0   -32,438,939  reject
          0        954H    42,584   -41,050,084      -997         0   -41,051,081  reject
          0        969K    42,584   -42,267,203    -1,012         0   -42,268,215  reject
          0        679K    42,608   -32,386,812      -833         0   -32,387,645  reject
          0        954H    42,584   -40,997,988      -989         0   -40,998,977  reject
          0        969K    42,584   -42,215,979    -1,004         0   -42,216,983  reject
          0        679K    42,608   -32,341,826      -825         0   -32,342,651  reject
          0        954H    42,584   -40,953,098      -981         0   -40,954,079  reject
          0        969K    42,584   -42,171,751      -996         0   -42,172,747  reject
          0        679K    42,608   -32,293,935      -818         0   -32,294,753  reject
          0        954H    42,584   -40,904,672      -974         0   -40,905,646  reject
          0        969K    42,584   -42,123,909      -989         0   -42,124,898  reject
          0        679K    42,608   -32,247,648      -810         0   -32,248,458  reject
          0        954H    42,584   -40,858,069      -966         0   -40,859,036  reject
          0        969K    42,584   -42,077,802      -981         0   -42,078,783  reject
          0        679K    42,608   -32,202,826      -802         0   -32,203,628  reject
          0        954H    42,584   -40,813,188      -958         0   -40,814,147  reject
          0        969K    42,584   -42,033,352      -974         0   -42,034,325  reject
          0        679K    42,608   -32,159,463      -795         0   -32,160,257  reject
          0        954H    42,584   -40,770,017      -951         0   -40,770,968  reject
          0        969K    42,584   -41,990,579      -966         0   -41,991,545  reject
          0        679K    42,608   -32,117,537      -787         0   -32,118,324  reject
          0        954H    42,584   -40,728,515      -943         0   -40,729,458  reject
          0        969K    42,584   -41,949,462      -958         0   -41,950,420  reject
          0        679K    42,608   -32,077,035      -780         0   -32,077,814  reject
          0        954H    42,584   -40,688,634      -936         0   -40,689,570  reject
          0        969K    42,584   -41,909,969      -951         0   -41,910,920  reject
          0        679K    42,608   -32,039,584      -772         0   -32,040,356  reject
          0        954H    42,584   -40,650,716      -928         0   -40,651,645  reject
          0        969K    42,584   -41,896,635      -943         0   -41,897,579  reject
          0        679K    42,608   -32,001,939      -764         0   -32,002,703  reject
          0        954H    42,584   -40,613,928      -921         0   -40,614,849  reject
          0        969K    42,584   -41,860,234      -936         0   -41,861,170  reject
          0        679K    42,608   -31,965,644      -757         0   -31,966,401  reject
          0        954H    42,584   -40,578,510      -913         0   -40,579,423  reject
          0        969K    42,584   -41,825,235      -928         0   -41,826,163  reject
          0        679K    42,608   -32,026,861      -750         0   -32,027,611  reject
          0        954H    42,584   -40,656,768      -907         0   -40,657,675  reject
          0        969K    42,583   -41,902,826      -922         0   -41,903,748  reject
          0        679K    42,608   -31,992,941      -743         0   -31,993,684  reject
          0        954H    42,584   -40,623,783      -899         0   -40,624,682  reject
          0        969K    42,583   -41,870,317      -914         0   -41,871,232  reject
          0        679K    42,608   -31,960,311      -735         0   -31,961,046  reject
          0        954H    42,584   -40,592,167      -892         0   -40,593,059  reject
          0        969K    42,583   -41,839,212      -907         0   -41,840,119  reject
          0        679K    42,608   -31,928,932      -728         0   -31,929,660  reject
          0        954H    42,584   -40,561,878      -884         0   -40,562,763  reject
          0        969K    42,583   -41,809,448      -899         0   -41,810,347  reject
          0        679K    42,608   -31,933,124      -720         0   -31,933,844  reject
          0        954H    42,584   -40,572,370      -877         0   -40,573,247  reject
          0        969K    42,583   -41,820,154      -892         0   -41,821,046  reject
          0        679K    42,608   -31,904,286      -713         0   -31,904,998  reject
          0        954H    42,584   -40,544,367      -869         0   -40,545,237  reject
          0        969K    42,583   -41,792,786      -884         0   -41,793,670  reject
          0        679K    42,608   -31,877,276      -705         0   -31,877,981  reject
          0        954H    42,584   -40,518,355      -862         0   -40,519,217  reject
          0        969K    42,583   -41,767,441      -877         0   -41,768,318  reject
          0        679K    42,608   -31,851,834      -698         0   -31,852,532  reject
          0        954H    42,584   -40,493,374      -854         0   -40,494,228  reject
          0        969K    42,583   -41,743,200      -870         0   -41,744,069  reject
          0        679K    42,608   -31,828,400      -690         0   -31,829,090  reject
          0        954H    42,584   -40,470,265      -847         0   -40,471,112  reject
          0        969K    42,583   -41,720,858      -862         0   -41,721,720  reject
          0        679K    42,608   -31,807,108      -683         0   -31,807,792  reject
          0        954H    42,584   -40,449,480      -840         0   -40,450,320  reject
          0        969K    42,583   -41,720,761      -855         0   -41,721,616  reject
          0        679K    42,608   -31,786,740      -676         0   -31,787,416  reject
          0        954H    42,584   -40,429,229      -832         0   -40,430,062  reject
          0        969K    42,583   -41,701,344      -847         0   -41,702,192  reject
          0        679K    42,608   -31,767,577      -668         0   -31,768,245  reject
          0        954H    42,584   -40,420,067      -825         0   -40,420,892  reject
          0        969K    42,583   -41,683,133      -840         0   -41,683,973  reject
          0        679K    42,608   -31,749,389      -661         0   -31,750,050  reject
          0        954H    42,584   -40,401,657      -817         0   -40,402,474  reject
          0        969K    42,583   -41,665,658      -832         0   -41,666,490  reject
          0        679K    42,608   -31,732,226      -653         0   -31,732,879  reject
          0        954H    42,584   -40,384,138      -810         0   -40,384,948  reject
          0        969K    42,583   -41,649,160      -825         0   -41,649,985  reject
          0        679K    42,608   -31,717,026      -646         0   -31,717,672  reject
          0        954H    42,584   -40,368,496      -802         0   -40,369,299  reject
          0        969K    42,583   -41,634,601      -817         0   -41,635,418  reject
          0        679K    42,608   -31,713,215      -639         0   -31,713,853  reject
          0        954H    42,584   -40,365,911      -795         0   -40,366,706  reject
          0        969K    42,583   -41,633,811      -810         0   -41,634,621  reject
          0        679K    42,608   -31,702,281      -631         0   -31,702,912  reject
          0        954H    42,583   -40,362,219      -788         0   -40,363,007  reject
          0        969K    42,583   -41,631,043      -803         0   -41,631,845  reject
          0        679K    42,608   -31,690,157      -624         0   -31,690,780  reject
          0        954H    42,583   -40,349,317      -780         0   -40,350,098  reject
          0        969K    42,583   -41,619,407      -795         0   -41,620,202  reject
          0        679K    42,608   -31,678,959      -616         0   -31,679,575  reject
          0        954H    42,583   -40,337,220      -773         0   -40,337,993  reject
          0        969K    42,583   -41,608,643      -788         0   -41,609,431  reject
          0        679K    42,608   -31,668,523      -609         0   -31,669,132  reject
          0        954H    42,583   -40,325,789      -765         0   -40,326,554  reject
          0        969K    42,583   -41,598,604      -781         0   -41,599,384  reject
          0        679K    42,608   -31,752,959      -602         0   -31,753,561  reject
          0        954H    42,583   -40,433,939      -759         0   -40,434,698  reject
          0        969K    42,583   -41,720,971      -774         0   -41,721,745  reject
          0        679K    42,608   -31,744,036      -595         0   -31,744,631  reject
          0        954H    42,583   -40,425,282      -752         0   -40,426,034  reject
          0        969K    42,583   -41,712,338      -767         0   -41,713,105  reject
          0        679K    42,608   -31,735,693      -587         0   -31,736,281  reject
          0        954H    42,583   -40,415,629      -744         0   -40,416,374  reject
          0        969K    42,583   -41,704,246      -760         0   -41,705,005  reject
          0        679K    42,608   -31,728,049      -580         0   -31,728,629  reject
          0        954H    42,583   -40,406,578      -737         0   -40,407,315  reject
          0        969K    42,583   -41,696,804      -752         0   -41,697,556  reject
          0        679K    42,608   -31,721,200      -573         0   -31,721,772  reject
          0        954H    42,583   -40,399,851      -730         0   -40,400,581  reject
          0        969K    42,583   -41,690,162      -745         0   -41,690,906  reject
          0        679K    42,608   -31,714,895      -565         0   -31,715,460  reject
          0        954H    42,583   -40,391,967      -722         0   -40,392,690  reject
          0        969K    42,583   -41,683,966      -737         0   -41,684,704  reject
          0        679K    42,608   -31,751,266      -558         0   -31,751,824  reject
          0        954H    42,583   -40,433,335      -715         0   -40,434,051  reject
          0        969K    42,583   -41,726,521      -730         0   -41,727,252  reject
          0        679K    42,608   -31,746,183      -551         0   -31,746,734  reject
          0        954H    42,583   -40,426,541      -708         0   -40,427,249  reject
          0        969K    42,583   -41,721,463      -723         0   -41,722,187  reject
          0        679K    42,608   -31,742,639      -543         0   -31,743,182  reject
          0        954H    42,583   -40,420,295      -701         0   -40,420,996  reject
          0        969K    42,583   -41,716,974      -716         0   -41,717,690  reject
          0        679K    42,608   -31,750,325      -536         0   -31,750,861  reject
          0        954H    42,583   -40,427,967      -693         0   -40,428,661  reject
          0        969K    42,583   -41,726,261      -709         0   -41,726,969  reject
          0        679K    42,608   -31,746,425      -529         0   -31,746,954  reject
          0        954H    42,583   -40,422,105      -686         0   -40,422,791  reject
          0        969K    42,583   -41,722,119      -701         0   -41,722,820  reject
          0        679K    42,608   -31,743,511      -522         0   -31,744,032  reject
          0        954H    42,583   -40,417,206      -679         0   -40,417,884  reject
          0        969K    42,583   -41,718,946      -694         0   -41,719,640  reject
          0        679K    42,608   -31,741,093      -514         0   -31,741,608  reject
          0        954H    42,583   -40,412,644      -671         0   -40,413,315  reject
          0        969K    42,583   -41,716,122      -687         0   -41,716,809  reject
          0        679K    42,608   -31,739,155      -507         0   -31,739,662  reject
          0        954H    42,583   -40,408,559      -664         0   -40,409,223  reject
          0        969K    42,583   -41,713,758      -679         0   -41,714,437  reject
          0        679K    42,608   -31,737,684      -500         0   -31,738,183  reject
          0        954H    42,583   -40,404,943      -657         0   -40,405,600  reject
          0        969K    42,583   -41,711,840      -672         0   -41,712,512  reject
          0        679K    42,608   -31,736,661      -492         0   -31,737,153  reject
          0        954H    42,583   -40,401,787      -649         0   -40,402,436  reject
          0        969K    42,583   -41,710,357      -664         0   -41,711,021  reject
          0        679K    42,608   -31,736,069      -485         0   -31,736,554  reject
          0        954H    42,583   -40,399,079      -642         0   -40,399,721  reject
          0        969K    42,583   -41,709,297      -657         0   -41,709,954  reject
          0        679K    42,608   -31,739,662      -478         0   -31,740,140  reject
          0        954H    42,583   -40,396,945      -635         0   -40,397,580  reject
          0        969K    42,583   -41,708,807      -650         0   -41,709,456  reject
          0        679K    42,608   -31,739,875      -470         0   -31,740,345  reject
          0        954H    42,583   -40,395,107      -627         0   -40,395,735  reject
          0        969K    42,583   -41,708,558      -643         0   -41,709,201  reject
          0        679K    42,608   -31,740,472      -463         0   -31,740,935  reject
          0        954H    42,583   -40,393,685      -620         0   -40,394,305  reject
          0        969K    42,583   -41,708,702      -635         0   -41,709,337  reject
          0        679K    42,608   -31,754,414      -456         0   -31,754,870  reject
          0        954H    42,583   -40,409,081      -613         0   -40,409,694  reject
          0        969K    42,583   -41,727,410      -628         0   -41,728,038  reject
          0        679K    42,608   -31,755,723      -448         0   -31,756,172  reject
          0        954H    42,583   -40,408,454      -606         0   -40,409,059  reject
          0        969K    42,583   -41,728,300      -621         0   -41,728,921  reject
          0        679K    42,608   -31,757,416      -441         0   -31,757,857  reject
          0        954H    42,583   -40,408,259      -598         0   -40,408,857  reject
          0        969K    42,583   -41,729,603      -613         0   -41,730,216  reject
          0        679K    42,607   -31,775,353      -434         0   -31,775,788  reject
          0        954H    42,583   -40,465,954      -592         0   -40,466,546  reject
          0        969K    42,583   -41,795,106      -607         0   -41,795,713  reject
          0        679K    42,607   -31,777,728      -427         0   -31,778,155  reject
          0        954H    42,583   -40,466,737      -585         0   -40,467,321  reject
          0        969K    42,582   -41,797,386      -600         0   -41,797,986  reject
          0        679K    42,607   -32,403,650      -425         0   -32,404,075  reject
          0        954H    42,582   -41,236,893      -584         0   -41,237,476  reject
          0        969K    42,582   -42,643,372      -599         0   -42,643,971  reject
          0        679K    42,607   -32,422,906      -417         0   -32,423,323  reject
          0        954H    42,582   -41,259,821      -577         0   -41,260,398  reject
          0        969K    42,582   -42,670,592      -592         0   -42,671,184  reject
          0        679K    42,607   -32,426,076      -410         0   -32,426,486  reject
          0        954H    42,582   -41,261,694      -569         0   -41,262,264  reject
          0        969K    42,582   -42,674,123      -585         0   -42,674,707  reject
          0        679K    42,607   -32,429,562      -403         0   -32,429,965  reject
          0        954H    42,582   -41,263,965      -562         0   -41,264,527  reject
          0        969K    42,582   -42,678,061      -577         0   -42,678,638  reject
          0        679K    42,607   -32,433,343      -396         0   -32,433,738  reject
          0        954H    42,582   -41,266,605      -555         0   -41,267,159  reject
          0        969K    42,582   -42,682,373      -570         0   -42,682,942  reject
          0        679K    42,607   -32,437,430      -388         0   -32,437,818  reject
          0        954H    42,582   -41,269,619      -547         0   -41,270,166  reject
          0        969K    42,582   -42,687,071      -563         0   -42,687,633  reject
          0        679K    42,607   -32,442,595      -381         0   -32,442,976  reject
          0        954H    42,582   -41,273,961      -540         0   -41,274,501  reject
          0        969K    42,582   -42,693,246      -555         0   -42,693,801  reject
          0        679K    42,607   -32,446,886      -374         0   -32,447,260  reject
          0        954H    42,582   -41,277,254      -533         0   -41,277,787  reject
          0        969K    42,582   -42,698,243      -548         0   -42,698,791  reject
          0        679K    42,607   -32,457,764      -366         0   -32,458,130  reject
          0        954H    42,582   -41,287,753      -526         0   -41,288,278  reject
          0        969K    42,582   -42,710,428      -541         0   -42,710,969  reject
          0        679K    42,606   -32,463,117      -359         0   -32,463,476  reject
          0        954H    42,582   -41,292,359      -518         0   -41,292,877  reject
          0        969K    42,582   -42,716,768      -534         0   -42,717,302  reject
          0        679K    42,606   -32,468,819      -352         0   -32,469,171  reject
          0        954H    42,582   -41,297,396      -511         0   -41,297,907  reject
          0        969K    42,582   -42,723,567      -526         0   -42,724,093  reject
          0        679K    42,606   -32,485,822      -345         0   -32,486,167  reject
          0        954H    42,582   -41,315,150      -504         0   -41,315,654  reject
          0        969K    42,582   -42,743,028      -519         0   -42,743,548  reject
          0        679K    42,606   -32,493,055      -338         0   -32,493,393  reject
          0        954H    42,582   -41,321,875      -497         0   -41,322,372  reject
          0        969K    42,582   -42,751,593      -512         0   -42,752,105  reject
          0        679K    42,606   -32,502,478      -331         0   -32,502,809  reject
          0        954H    42,582   -41,331,544      -490         0   -41,332,034  reject
          0        969K    42,582   -42,763,270      -505         0   -42,763,775  reject
          0        679K    42,605   -32,519,072      -325         0   -32,519,397  reject
          0        954H    42,581   -41,350,460      -484         0   -41,350,945  reject
          0        969K    42,580   -42,783,937      -500         0   -42,784,437  reject
          0        679K    42,605   -32,526,719      -318         0   -32,527,037  reject
          0        954H    42,581   -41,357,995      -477         0   -41,358,472  reject
          0        969K    42,580   -42,793,439      -492         0   -42,793,931  reject
          0        679K    42,605   -32,534,780      -311         0   -32,535,091  reject
          0        954H    42,581   -41,366,076      -470         0   -41,366,546  reject
          0        969K    42,580   -42,803,543      -485         0   -42,804,028  reject
          0        679K    42,605   -32,545,994      -303         0   -32,546,298  reject
          0        954H    42,581   -41,381,606      -463         0   -41,382,069  reject
          0        969K    42,580   -42,817,984      -478         0   -42,818,462  reject
          0        679K    42,601   -32,650,403      -301         0   -32,650,704  reject
          0        954H    42,576   -41,514,680      -460         0   -41,515,140  reject
          0        969K    42,576   -42,958,850      -475         0   -42,959,326  reject
          0        679K    42,600   -32,660,588      -293         0   -32,660,881  reject
          0        954H    42,576   -41,525,631      -453         0   -41,526,084  reject
          0        969K    42,576   -42,982,022      -468         0   -42,982,490  reject
          0        679K    42,600   -32,708,172      -286         0   -32,708,459  reject
          0        954H    42,576   -41,576,952      -446         0   -41,577,398  reject
          0        969K    42,576   -43,035,520      -461         0   -43,035,981  reject
          0        679K    42,599   -32,782,759      -280         0   -32,783,039  reject
          0        954H    42,574   -41,667,680      -440         0   -41,668,120  reject
          0        969K    42,574   -43,140,017      -455         0   -43,140,472  reject
          0        679K    42,598   -32,807,414      -273         0   -32,807,687  reject
          0        954H    42,574   -41,681,582      -432         0   -41,682,014  reject
          0        969K    42,574   -43,156,391      -448         0   -43,156,839  reject
          0        679K    42,598   -32,817,876      -266         0   -32,818,142  reject
          0        954H    42,574   -41,692,928      -425         0   -41,693,354  reject
          0        969K    42,574   -43,170,166      -440         0   -43,170,606  reject
          0        679K    42,598   -32,838,606      -259         0   -32,838,864  reject
          0        954H    42,574   -41,717,476      -418         0   -41,717,894  reject
          0        969K    42,573   -43,197,917      -434         0   -43,198,350  reject
          0        679K    42,598   -32,852,281      -251         0   -32,852,533  reject
          0        954H    42,574   -41,732,945      -411         0   -41,733,356  reject
          0        969K    42,573   -43,225,209      -426         0   -43,225,636  reject
          0        679K    42,598   -32,871,805      -245         0   -32,872,050  reject
          0        954H    42,574   -41,755,776      -405         0   -41,756,181  reject
          0        969K    42,573   -43,278,179      -420         0   -43,278,599  reject
          0        679K    42,598   -32,888,216      -238         0   -32,888,454  reject
          0        954H    42,573   -41,774,832      -398         0   -41,775,230  reject
          0        969K    42,573   -43,300,118      -413         0   -43,300,531  reject
          0        679K    42,598   -32,900,254      -231         0   -32,900,485  reject
          0        954H    42,573   -41,788,158      -390         0   -41,788,548  reject
          0        969K    42,573   -43,316,079      -406         0   -43,316,485  reject
          0        679K    42,598   -32,914,805      -223         0   -32,915,028  reject
          0        954H    42,573   -41,804,827      -383         0   -41,805,211  reject
          0        969K    42,573   -43,335,735      -399         0   -43,336,134  reject
          0        679K    42,597   -32,937,519      -216         0   -32,937,735  reject
          0        954H    42,573   -41,819,339      -376         0   -41,819,715  reject
          0        969K    42,573   -43,352,965      -391         0   -43,353,357  reject
          0        679K    42,597   -32,949,266      -209         0   -32,949,476  reject
          0        954H    42,573   -41,832,631      -369         0   -41,833,000  reject
          0        969K    42,572   -43,368,970      -384         0   -43,369,354  reject
          0        679K    42,597   -32,965,195      -202         0   -32,965,397  reject
          0        954H    42,573   -41,852,168      -362         0   -41,852,530  reject
          0        969K    42,572   -43,391,215      -377         0   -43,391,592  reject
          0        679K    42,598   -32,980,194      -195         0   -32,980,389  reject
          0        954H    42,574   -41,868,847      -355         0   -41,869,201  reject
          0        969K    42,573   -43,410,977      -370         0   -43,411,347  reject
          0        679K    42,598   -32,993,776      -188         0   -32,993,963  reject
          0        954H    42,574   -41,885,131      -347         0   -41,885,479  reject
          0        969K    42,573   -43,430,563      -363         0   -43,430,926  reject
          0        679K    42,598   -33,010,685      -181         0   -33,010,866  reject
          0        954H    42,574   -41,904,931      -340         0   -41,905,271  reject
          0        969K    42,573   -43,453,459      -356         0   -43,453,815  reject
          0        679K    42,597   -33,056,903      -174         0   -33,057,077  reject
          0        954H    42,573   -41,961,141      -334         0   -41,961,475  reject
          0        969K    42,572   -43,518,993      -349         0   -43,519,342  reject
          0        679K    42,597   -33,084,758      -167         0   -33,084,925  reject
          0        954H    42,573   -41,992,312      -326         0   -41,992,638  reject
          0        969K    42,572   -43,553,070      -342         0   -43,553,412  reject
          0        679K    42,597   -33,099,598      -160         0   -33,099,758  reject
          0        954H    42,573   -42,009,370      -319         0   -42,009,689  reject
          0        969K    42,572   -43,573,203      -335         0   -43,573,538  reject
          0        679K    42,597   -33,114,050      -152         0   -33,114,202  reject
          0        954H    42,573   -42,025,962      -312         0   -42,026,274  reject
          0        969K    42,572   -43,592,931      -327         0   -43,593,259  reject
          0        679K    42,597   -33,128,629      -145         0   -33,128,774  reject
          0        954H    42,572   -42,042,785      -305         0   -42,043,090  reject
          0        969K    42,572   -43,612,944      -320         0   -43,613,264  reject
          0        679K    42,597   -33,143,622      -138         0   -33,143,760  reject
          0        954H    42,572   -42,060,130      -297         0   -42,060,428  reject
          0        969K    42,572   -43,633,547      -313         0   -43,633,860  reject
          0        679K    42,597   -33,165,460      -131         0   -33,165,591  reject
          0        954H    42,572   -42,087,841      -290         0   -42,088,132  reject
          0        969K    42,572   -43,666,905      -306         0   -43,667,211  reject
          0        679K    42,597   -33,181,355      -124         0   -33,181,479  reject
          0        954H    42,572   -42,106,369      -283         0   -42,106,652  reject
          0        969K    42,572   -43,688,824      -298         0   -43,689,122  reject
          0        679K    42,597   -33,218,394      -116         0   -33,218,511  reject
          0        954H    42,572   -42,150,209      -276         0   -42,150,485  reject
          0        969K    42,572   -43,738,753      -291         0   -43,739,045  reject
          0        679K    42,596   -33,234,454      -109         0   -33,234,563  reject
          0        954H    42,572   -42,169,170      -269         0   -42,169,438  reject
          0        969K    42,571   -43,761,263      -284         0   -43,761,547  reject
          0        679K    42,588   -33,254,173      -103         0   -33,254,275  reject
          0        954H    42,564   -42,188,455      -262         0   -42,188,717  reject
          0        969K    42,563   -43,783,474      -277         0   -43,783,752  reject
          0        679K    42,588   -33,271,075       -95         0   -33,271,170  reject
          0        954H    42,564   -42,208,572      -255         0   -42,208,826  reject
          0        969K    42,563   -43,807,337      -270         0   -43,807,607  reject
          0        679K    42,588   -33,299,519       -88         0   -33,299,607  reject
          0        954H    42,564   -42,241,704      -248         0   -42,241,951  reject
          0        969K    42,563   -43,844,538      -263         0   -43,844,801  reject
          0        679K    42,588   -33,327,725       -81         0   -33,327,807  reject
          0        954H    42,564   -42,276,112      -241         0   -42,276,353  reject
          0        969K    42,563   -43,884,849      -256         0   -43,885,105  reject
          0        679K    42,587   -33,345,748       -74         0   -33,345,822  reject
          0        954H    42,563   -42,297,934      -233         0   -42,298,167  reject
          0        969K    42,562   -43,910,707      -249         0   -43,910,956  reject
          0        679K    42,587   -33,366,000       -67         0   -33,366,067  reject
          0        954H    42,563   -42,322,630      -226         0   -42,322,856  reject
          0        969K    42,562   -43,939,595      -242         0   -43,939,837  reject
          0        679K    42,587   -33,418,447       -60         0   -33,418,507  reject
          0        954H    42,563   -42,385,445      -220         0   -42,385,664  reject
          0        969K    42,562   -44,035,563      -235         0   -44,035,798  reject
          0        679K    42,585   -33,444,307       -54         0   -33,444,361  reject
          0        954H    42,561   -42,415,197      -213         0   -42,415,411  reject
          0        969K    42,560   -44,070,918      -229         0   -44,071,147  reject
          0        679K    42,584   -33,465,316       -47         0   -33,465,363  reject
          0        954H    42,560   -42,441,944      -206         0   -42,442,151  reject
          0        969K    42,560   -44,102,278      -222         0   -44,102,500  reject
          0        679K    42,584   -33,519,652       -40         0   -33,519,692  reject
          0        954H    42,560   -42,469,930      -199         0   -42,470,129  reject
          0        969K    42,559   -44,135,297      -215         0   -44,135,512  reject
          0        679K    42,580   -33,559,296       -34         0   -33,559,330  reject
          0        954H    42,557   -42,498,114      -193         0   -42,498,307  reject
          0        969K    42,556   -44,168,214      -209         0   -44,168,423  reject
          0        679K    42,580   -33,582,731       -27         0   -33,582,757  reject
          0        954H    42,557   -42,527,474      -186         0   -42,527,660  reject
          0        969K    42,556   -44,202,807      -201         0   -44,203,009  reject
          0        679K    42,578   -33,606,729       -20         0   -33,606,748  reject
          0        954H    42,554   -42,557,825      -179         0   -42,558,004  reject
          0        969K    42,553   -44,238,444      -194         0   -44,238,639  reject
          0        679K    42,575   -33,667,344       -13         0   -33,667,358  reject
          0        954H    42,552   -42,630,936      -173         0   -42,631,108  reject
          0        969K    42,551   -44,316,184      -188         0   -44,316,372  reject
          0        679K    42,575   -33,699,059        -6         0   -33,699,065  reject
          0        954H    42,552   -42,679,538      -165         0   -42,679,704  reject
          0        969K    42,551   -44,371,159      -181         0   -44,371,340  reject
          0        679K    42,574   -33,818,888        +0         0   -33,818,888  reject
          0        954H    42,550   -42,888,220      -160         0   -42,888,380  reject
          0        969K    42,549   -44,562,224      -175         0   -44,562,399  reject
          0        679K    42,573   -33,853,341        +7         0   -33,853,334  reject
          0        954H    42,550   -42,929,647      -152         0   -42,929,800  reject
          0        969K    42,549   -44,610,680      -168         0   -44,610,848  reject
          0        679K    42,573   -33,942,131       +14         0   -33,942,117  reject
          0        954H    42,549   -43,045,988      -146         0   -43,046,133  reject
          0        969K    42,548   -44,741,776      -161         0   -44,741,937  reject
          0        679K    42,571   -33,992,310       +22         0   -33,992,288  reject
          0        954H    42,548   -43,119,580      -138         0   -43,119,718  reject
          0        969K    42,547   -44,813,881      -154         0   -44,814,035  reject
          0        679K    42,566   -34,083,525       +29         0   -34,083,497  reject
          0        954H    42,543   -43,210,596      -131         0   -43,210,728  reject
          0        969K    42,543   -44,917,033      -147         0   -44,917,179  reject
          0        679K    42,441   -34,383,502       +19         0   -34,383,483  reject
          0        954H    42,420   -43,519,227      -140         0   -43,519,367  reject
          0        969K    42,419   -45,240,918      -155         0   -45,241,073  reject
          0        679K    42,430   -34,579,278       +23         0   -34,579,255  reject
          0        954H    42,409   -43,759,651      -136         0   -43,759,786  reject
          0        969K    42,408   -45,519,020      -151         0   -45,519,171  reject
          0        679K    42,421   -35,301,869       +13         0   -35,301,856  reject
          0        954H    42,411   -44,161,812      -142         0   -44,161,954  reject
          0        969K    42,409   -45,980,314      -157         0   -45,980,471  reject
          0        679K    42,415   -35,532,775       +17         0   -35,532,758  reject
          0        954H    42,405   -44,468,465      -138         0   -44,468,603  reject
          0        969K    42,404   -46,302,258      -153         0   -46,302,412  reject
          0        679K    42,403   -36,953,067       +15         0   -36,953,053  reject
          0        954H    42,402   -44,703,270      -136         0   -44,703,406  reject
          0        969K    42,401   -46,580,296      -151         0   -46,580,447  reject
          0        679K    42,400   -37,123,484       +20         0   -37,123,464  reject
          0        954H    42,400   -44,919,925      -130         0   -44,920,056  reject
          0        969K    42,398   -46,841,905      -146         0   -46,842,051  reject
          0        954H    42,395   -45,179,108      -126         0   -45,179,234  reject
          0        969K    42,394   -47,136,098      -141         0   -47,136,239  reject
          0        679K    42,393   -37,358,714       +24         0   -37,358,691  reject
          0        954H    42,367   -45,684,248      -131         0   -45,684,379  reject
          0        969K    42,366   -47,679,800      -146         0   -47,679,946  reject
          0        679K    42,366   -37,826,808       +18         0   -37,826,789  reject
          0        954H    42,359   -46,024,794      -128         0   -46,024,922  reject
          0        969K    42,357   -48,053,104      -144         0   -48,053,247  reject
          0        679K    42,356   -38,123,066       +21         0   -38,123,046  reject
          0        954H    42,343   -46,627,696      -134         0   -46,627,830  reject
          0        969K    42,342   -48,693,665      -150         0   -48,693,815  reject
          0        679K    42,339   -38,694,297       +14         0   -38,694,283  reject
          0        954H    42,339   -47,004,634      -132         0   -47,004,766  reject
          0        969K    42,338   -49,081,711      -148         0   -49,081,859  reject
          0        679K    42,332   -39,146,558       +14         0   -39,146,544  reject
          0        954H    42,336   -47,290,804      -128         0   -47,290,932  reject
          0        969K    42,335   -49,409,484      -144         0   -49,409,627  reject
          0        679K    42,329   -39,392,805       +18         0   -39,392,787  reject
          0        954H    42,336   -47,521,645      -123         0   -47,521,768  reject
          0        969K    42,335   -49,670,501      -138         0   -49,670,640  reject
          0        679K    42,326   -39,651,525       +22         0   -39,651,503  reject
          0        954H    42,335   -47,774,083      -117         0   -47,774,200  reject
          0        969K    42,334   -49,965,404      -132         0   -49,965,537  reject
          0        679K    42,325   -39,842,207       +28         0   -39,842,179  reject
          0        954H    42,334   -47,982,674      -110         0   -47,982,783  reject
          0        969K    42,333   -50,200,635      -126         0   -50,200,761  reject
          0        679K    42,324   -40,009,964       +35         0   -40,009,929  reject
          0        954H    42,333   -48,201,805      -103         0   -48,201,908  reject
          0        969K    42,332   -50,446,780      -119         0   -50,446,899  reject
          0        679K    42,323   -40,202,487       +41         0   -40,202,446  reject
          0        954H    42,330   -48,386,178      -103         0   -48,386,281  reject
          0        969K    42,329   -50,655,236      -119         0   -50,655,355  reject
          0        679K    42,321   -40,349,662       +41         0   -40,349,620  reject
          0        954H    42,321   -48,600,547       -99         0   -48,600,647  reject
          0        969K    42,320   -50,902,992      -115         0   -50,903,107  reject
          0        679K    42,316   -40,616,092       +42         0   -40,616,050  reject
          0        954H    42,325   -49,124,107      -108         0   -49,124,215  reject
          0        969K    42,324   -51,465,131      -124         0   -51,465,255  reject
          0        679K    42,291   -42,490,080        +7         0   -42,490,073  reject
          0        954H    42,324   -49,295,904      -102         0   -49,296,006  reject
          0        969K    42,323   -51,657,895      -118         0   -51,658,013  reject
          0        679K    42,290   -42,662,147       +13         0   -42,662,134  reject
          0        954H    42,323   -49,490,446       -96         0   -49,490,542  reject
          0        969K    42,322   -51,873,347      -112         0   -51,873,459  reject
          0        679K    42,288   -42,830,131       +19         0   -42,830,112  reject
          0        954H    42,318   -49,838,377      -101         0   -49,838,478  reject
          0        969K    42,317   -52,256,816      -117         0   -52,256,933  reject
          0        679K    42,284   -43,224,568       +12         0   -43,224,555  reject
          0        954H    42,317   -50,010,733       -96         0   -50,010,829  reject
          0        969K    42,316   -52,449,799      -112         0   -52,449,912  reject
          0        679K    42,283   -43,410,884       +17         0   -43,410,867  reject
          0        954H    42,317   -50,216,707       -91         0   -50,216,798  reject
          0        969K    42,315   -52,674,080      -107         0   -52,674,188  reject
          0        679K    42,282   -43,607,564       +22         0   -43,607,542  reject
          0        954H    42,315   -50,382,674       -85         0   -50,382,759  reject
          0        969K    42,314   -52,843,926      -101         0   -52,844,027  reject
          0        679K    42,281   -43,741,903       +28         0   -43,741,875  reject
          0        954H    42,314   -50,533,511       -78         0   -50,533,589  reject
          0        969K    42,313   -53,010,627       -95         0   -53,010,722  reject
          0        679K    42,280   -43,900,276       +34         0   -43,900,242  reject

NOTE
  Components are not fixed: max-K is a ceiling on the pool, not the number
  fitted. A birth is accepted only when the gain in expected complete-data
  log-likelihood exceeds the prior penalty for one more component, and a
  component whose responsibility falls below the floor is returned to the pool.
  So the number of components reported above was chosen by the data.

  sigma controls how far a child may sit from its parent. Smaller sigma means
  tighter children and, indirectly, fewer accepted births -- worth sweeping,
  since it is the one quantity here that is set rather than fitted.

