train 2021-06..2022-05   min-count 3
distinct training sets 21,001   mutations ever seen 904 of 1,359 in the vocabulary

  month      h   seen set  new combo  new mutation  median dist  p90 dist
  2022-06    1      91.7%       8.2%          0.1%            1         3
  2022-07    2      85.9%      13.9%          0.2%            1         4
  2022-08    3      81.7%      18.0%          0.2%            2         3
  2022-11    6      20.5%      75.6%          3.8%            3        10

  new combo    every mutation was seen in training, this arrangement was not.
               Reachable by the model in principle; if scored badly that is
               calibration, and smoothing theta is the lever.
  new mutation at least one mutation never seen in training. Unreachable at
               any setting of theta, because an unobserved mutation has no
               data behind it. Only a theta built from properties of the
               mutation reaches these.
  dist         symmetric difference to the nearest training set. A median of 1
               or 2 means the novelty is a small edit away from something
               familiar and a well-calibrated model should score it well. A
               median in the tens means the later months are a different
               population, and neither smoothing nor features will rescue it --
               the blocks themselves are missing.

