train  2021-06..2022-05  (12 months, min-count 3)
test   2022-06   h=1   scored with every sequence in that month
test   2022-11   h=6   scored with every sequence in that month

distinct sets in training (after min-count): 21,001
lookup floor for an unseen set: log(0.5/5,899,945) = -16.284

--- seed 0 ---
      split blk39 on 477N -> blk0
      split blk32 on 452Q -> blk3
      split blk46 on 446S -> blk5
      split blk5 on 346K -> blk6
      split blk5 on 371L -> blk7

  --- fitting hierarchical + birth-death (1 of 4) ---
      birth: blk3 --440K--> blk9   dep 1,631  dLL +2,297,904  dPrior -118  cost 0  gain +2,297,786
      birth: blk3 --477N--> blk10   dep 1,895  dLL +2,424,955  dPrior -292  cost 0  gain +2,424,664
      birth: blk3 --498R--> blk11   dep 2,013  dLL +321,714  dPrior -281  cost 0  gain +321,433
      birth: blk3 --373P--> blk12   dep 1,307  dLL +263,856  dPrior -484  cost 0  gain +263,372
      birth: blk3 --211del22194-22196--> blk13   dep 1,012  dLL +217,992  dPrior -295  cost 0  gain +217,698
      birth: blk13 --796Y--> blk14   dep 1,025  dLL +163,014  dPrior -622  cost 0  gain +162,392
      birth: blk1 --142D--> blk15   dep 722  dLL +3,118,850  dPrior -337  cost 0  gain +3,118,513
      birth: blk1 --501Y--> blk16   dep 1,615  dLL +2,310,714  dPrior -408  cost 0  gain +2,310,306
      birth: blk16 --26S--> blk17   dep 2,451  dLL +445,572  dPrior -557  cost 0  gain +445,015
      birth: blk16 --346K--> blk18   dep 1,283  dLL +130,158  dPrior -590  cost 0  gain +129,568
      birth: blk15 --145H--> blk19   dep 1,181  dLL +497,012  dPrior -209  cost 0  gain +496,804
      birth: blk9 --346K--> blk20   dep 505  dLL +340,577  dPrior -140  cost 0  gain +340,437
      birth: blk9 --371L--> blk21   dep 474  dLL +721,304  dPrior -255  cost 0  gain +721,049
      birth: blk9 --339D--> blk22   dep 514  dLL +159,310  dPrior -376  cost 0  gain +158,935
      birth: blk16 --95I--> blk23   dep 445  dLL +81,166  dPrior -574  cost 0  gain +80,592
      birth: blk3 --417N--> blk24   dep 435  dLL +48,909  dPrior -276  cost 0  gain +48,633
      birth: blk12 --440K--> blk25   dep 423  dLL +115,413  dPrior -151  cost 0  gain +115,262
      birth: blk25 --95I--> blk26   dep 631  dLL +466,793  dPrior -361  cost 0  gain +466,432
      birth: blk13 --212I--> blk27   dep 401  dLL +195,001  dPrior -662  cost 0  gain +194,339
      birth: blk13 --27S--> blk28   dep 645  dLL +104,568  dPrior -539  cost 0  gain +104,029
      birth: blk13 --158G--> blk29   dep 735  dLL +327,985  dPrior -589  cost 0  gain +327,396
      birth: blk13 --67V--> blk30   dep 625  dLL +59,140  dPrior -484  cost 0  gain +58,656
      birth: blk30 --452R--> blk31   dep 355  dLL +10,546  dPrior -1,796  cost 0  gain +8,750
      birth: blk1 --158G--> blk32   dep 343  dLL +556,333  dPrior -287  cost 0  gain +556,046
      birth: blk13 --157del22031-22035--> blk33   dep 288  dLL +12,184  dPrior -605  cost 0  gain +11,579
      birth: blk23 --158S--> blk34   dep 281  dLL +14,398  dPrior -520  cost 0  gain +13,878
      birth: blk24 --67V--> blk35   dep 277  dLL +31,377  dPrior -634  cost 0  gain +30,743
      birth: blk13 --142D--> blk36   dep 256  dLL +10,642  dPrior -493  cost 0  gain +10,149
      birth: blk21 --498R--> blk37   dep 255  dLL +45,836  dPrior -2,079  cost 0  gain +43,757
      birth: blk22 --212I--> blk38   dep 253  dLL +76,092  dPrior -223  cost 0  gain +75,869
      birth: blk22 --142del21987-21995--> blk39   dep 526  dLL +199,918  dPrior -441  cost 0  gain +199,476
      birth: blk22 --68del21765-21770--> blk40   dep 253  dLL +64,298  dPrior -96  cost 0  gain +64,202
      birth: blk11 --446S--> blk41   dep 243  dLL +21,016  dPrior -167  cost 0  gain +20,849
      birth: blk24 --446S--> blk42   dep 239  dLL +20,289  dPrior -316  cost 0  gain +19,973
      birth: blk25 --142del21987-21995--> blk43   dep 239  dLL +104,643  dPrior -298  cost 0  gain +104,344
      birth: blk28 --371F--> blk44   dep 211  dLL +7,349  dPrior -1,993  cost 0  gain +5,357
      birth: blk27 --371L--> blk45   dep 200  dLL +8,984  dPrior -1,666  cost 0  gain +7,318
      birth: blk20 --142del21987-21995--> blk46   dep 192  dLL +91,971  dPrior -444  cost 0  gain +91,527
      birth: blk22 --373P--> blk47   dep 187  dLL +42,205  dPrior -333  cost 0  gain +41,872
      death: 1 component(s) returned
      birth: blk2 --376A--> blk4   dep 781  dLL +318,337  dPrior -429  cost 0  gain +317,908
      iter 50  LL/obs -4.53035  components 48
      iter 100  LL/obs -4.49219  components 48
      iter 150  LL/obs -4.47985  components 48
      iter 200  LL/obs -4.47189  components 48
      iter 250  LL/obs -4.46246  components 48
      iter 300  LL/obs -4.45095  components 48
      iter 350  LL/obs -4.44295  components 48
      iter 400  LL/obs -4.43628  components 48

  --- fitting hierarchical, floor 0.002 (1 of 4) ---
      birth: blk3 --440K--> blk9   dep 1,632  dLL +2,295,175  dPrior -126  cost 0  gain +2,295,049
      birth: blk3 --477N--> blk10   dep 1,979  dLL +2,438,764  dPrior -279  cost 0  gain +2,438,485
      birth: blk3 --498R--> blk11   dep 1,957  dLL +318,756  dPrior -337  cost 0  gain +318,419
      birth: blk3 --373P--> blk12   dep 1,320  dLL +231,529  dPrior -447  cost 0  gain +231,081
      birth: blk3 --211del22194-22196--> blk13   dep 1,035  dLL +222,976  dPrior -331  cost 0  gain +222,646
      birth: blk13 --796Y--> blk14   dep 1,030  dLL +154,253  dPrior -573  cost 0  gain +153,681
      birth: blk1 --142D--> blk15   dep 722  dLL +2,496,364  dPrior -363  cost 0  gain +2,496,001
      birth: blk1 --501Y--> blk16   dep 1,614  dLL +2,307,080  dPrior -375  cost 0  gain +2,306,705
      birth: blk16 --26S--> blk17   dep 2,472  dLL +427,379  dPrior -567  cost 0  gain +426,812
      birth: blk16 --346K--> blk18   dep 1,289  dLL +120,616  dPrior -642  cost 0  gain +119,974
      birth: blk15 --145H--> blk19   dep 1,180  dLL +488,517  dPrior -213  cost 0  gain +488,304
      birth: blk13 --27S--> blk20   dep 647  dLL +130,664  dPrior -605  cost 0  gain +130,059
      birth: blk13 --145D--> blk21   dep 587  dLL +77,179  dPrior -597  cost 0  gain +76,582
      birth: blk9 --346K--> blk22   dep 506  dLL +336,359  dPrior -131  cost 0  gain +336,228
      birth: blk9 --371L--> blk23   dep 477  dLL +738,140  dPrior -239  cost 0  gain +737,901
      birth: blk9 --339D--> blk24   dep 523  dLL +137,692  dPrior -383  cost 0  gain +137,308
      birth: blk16 --95I--> blk25   dep 445  dLL +71,248  dPrior -539  cost 0  gain +70,708
      birth: blk3 --417N--> blk26   dep 433  dLL +57,091  dPrior -287  cost 0  gain +56,805
      birth: blk12 --440K--> blk27   dep 426  dLL +135,935  dPrior -141  cost 0  gain +135,795
      birth: blk27 --95I--> blk28   dep 631  dLL +459,871  dPrior -341  cost 0  gain +459,529
      birth: blk13 --142D--> blk29   dep 425  dLL +305,627  dPrior -542  cost 0  gain +305,085
      birth: blk13 --67V--> blk30   dep 447  dLL +48,520  dPrior -729  cost 0  gain +47,792
      birth: blk1 --158G--> blk31   dep 344  dLL +611,866  dPrior -297  cost 0  gain +611,570
      birth: blk2 --373P--> blk32   dep 320  dLL +515,556  dPrior -404  cost 0  gain +515,153
      birth: blk32 --417N--> blk33   dep 349  dLL +119,096  dPrior -170  cost 0  gain +118,926
      birth: blk33 --501Y--> blk34   dep 406  dLL +71,306  dPrior -351  cost 0  gain +70,956
      birth: blk34 --496S--> blk35   dep 404  dLL +44,511  dPrior -1,834  cost 0  gain +42,677
      birth: blk25 --158S--> blk36   dep 302  dLL +13,940  dPrior -538  cost 0  gain +13,402
      birth: blk34 --371L--> blk37   dep 290  dLL +13,032  dPrior -884  cost 0  gain +12,148
      birth: blk26 --679K--> blk38   dep 279  dLL +41,240  dPrior -1,051  cost 0  gain +40,189
      birth: blk24 --211del22194-22196--> blk39   dep 272  dLL +45,141  dPrior -241  cost 0  gain +44,900
      birth: blk24 --142del21987-21995--> blk40   dep 360  dLL +114,392  dPrior -431  cost 0  gain +113,961
      birth: blk23 --498R--> blk41   dep 255  dLL +36,129  dPrior -3,122  cost 0  gain +33,007
      birth: blk11 --446S--> blk42   dep 245  dLL +20,460  dPrior -164  cost 0  gain +20,296
      birth: blk27 --142del21987-21995--> blk43   dep 238  dLL +102,167  dPrior -308  cost 0  gain +101,859
      birth: blk26 --446S--> blk44   dep 236  dLL +14,245  dPrior -243  cost 0  gain +14,002
      birth: blk35 --212I--> blk45   dep 231  dLL +24,286  dPrior +330  cost 0  gain +24,616
      birth: blk34 --24del21632-21640--> blk46   dep 227  dLL +5,620  dPrior -1,689  cost 0  gain +3,931
      birth: blk24 --68del21765-21770--> blk47   dep 227  dLL +87,213  dPrior -155  cost 0  gain +87,057
      iter 50  LL/obs -5.72931  components 48
      iter 100  LL/obs -5.70848  components 48
      iter 150  LL/obs -5.70250  components 48
      iter 200  LL/obs -5.69455  components 48
      iter 250  LL/obs -5.68803  components 48
      iter 300  LL/obs -5.68430  components 48
      iter 350  LL/obs -5.67899  components 48
      iter 400  LL/obs -5.67611  components 48

  --- fitting hierarchical, floor 0.01 (1 of 4) ---
      birth: blk3 --440K--> blk9   dep 1,632  dLL +2,244,833  dPrior -532  cost 0  gain +2,244,301
      birth: blk3 --477N--> blk10   dep 1,996  dLL +2,436,946  dPrior -272  cost 0  gain +2,436,673
      birth: blk3 --371L--> blk11   dep 1,379  dLL +343,019  dPrior -305  cost 0  gain +342,714
      birth: blk3 --211del22194-22196--> blk12   dep 1,006  dLL +235,246  dPrior -354  cost 0  gain +234,892
      birth: blk12 --679K--> blk13   dep 966  dLL +143,117  dPrior -795  cost 0  gain +142,322
      birth: blk2 --375F--> blk14   dep 845  dLL +475,240  dPrior -808  cost 0  gain +474,432
      birth: blk1 --142D--> blk15   dep 722  dLL +1,581,991  dPrior -606  cost 0  gain +1,581,385
      birth: blk1 --501Y--> blk16   dep 1,612  dLL +2,228,649  dPrior -356  cost 0  gain +2,228,292
      birth: blk16 --26S--> blk17   dep 2,504  dLL +394,328  dPrior -596  cost 0  gain +393,732
      birth: blk16 --346K--> blk18   dep 1,293  dLL +108,403  dPrior -621  cost 0  gain +107,782
      birth: blk15 --145H--> blk19   dep 1,184  dLL +440,213  dPrior -213  cost 0  gain +440,000
      birth: blk12 --27S--> blk20   dep 693  dLL +114,813  dPrior -534  cost 0  gain +114,279
      birth: blk11 --498R--> blk21   dep 620  dLL +117,383  dPrior -212  cost 0  gain +117,171
      birth: blk12 --145D--> blk22   dep 529  dLL +56,488  dPrior -512  cost 0  gain +55,976
      birth: blk9 --346K--> blk23   dep 504  dLL +325,184  dPrior -189  cost 0  gain +324,995
      birth: blk9 --371L--> blk24   dep 512  dLL +745,217  dPrior -210  cost 0  gain +745,007
      birth: blk9 --339D--> blk25   dep 535  dLL +112,450  dPrior -449  cost 0  gain +112,000
      birth: blk11 --440K--> blk26   dep 483  dLL +148,608  dPrior -184  cost 0  gain +148,424
      birth: blk26 --95I--> blk27   dep 646  dLL +475,463  dPrior -341  cost 0  gain +475,122
      birth: blk16 --95I--> blk28   dep 445  dLL +65,442  dPrior -660  cost 0  gain +64,783
      birth: blk3 --417N--> blk29   dep 424  dLL +65,959  dPrior -286  cost 0  gain +65,674
      birth: blk1 --158G--> blk30   dep 341  dLL +575,031  dPrior -495  cost 0  gain +574,536
      birth: blk12 --67V--> blk31   dep 320  dLL +178,486  dPrior -591  cost 0  gain +177,895
      birth: blk12 --158G--> blk32   dep 453  dLL +197,751  dPrior -939  cost 0  gain +196,812
      birth: blk12 --19R--> blk33   dep 384  dLL +25,299  dPrior -1,025  cost 0  gain +24,274
      birth: blk12 --859N--> blk34   dep 707  dLL +28,220  dPrior -262  cost 0  gain +27,958
      birth: blk29 --679K--> blk35   dep 319  dLL +45,953  dPrior -1,166  cost 0  gain +44,787
      birth: blk28 --158S--> blk36   dep 303  dLL +12,526  dPrior -630  cost 0  gain +11,896
      birth: blk25 --211del22194-22196--> blk37   dep 295  dLL +36,836  dPrior -311  cost 0  gain +36,525
      birth: blk25 --142del21987-21995--> blk38   dep 277  dLL +76,824  dPrior -397  cost 0  gain +76,427
      birth: blk34 --75V--> blk39   dep 258  dLL +11,588  dPrior -752  cost 0  gain +10,836
      birth: blk24 --498R--> blk40   dep 255  dLL +40,482  dPrior -3,568  cost 0  gain +36,914
      birth: blk26 --142del21987-21995--> blk41   dep 242  dLL +76,685  dPrior -468  cost 0  gain +76,217
      birth: blk29 --446S--> blk42   dep 238  dLL +8,042  dPrior -51  cost 0  gain +7,990
      birth: blk21 --446S--> blk43   dep 232  dLL +31,704  dPrior -253  cost 0  gain +31,451
      birth: blk22 --373P--> blk44   dep 224  dLL +10,192  dPrior -1,316  cost 0  gain +8,875
      birth: blk25 --375F--> blk45   dep 220  dLL +162,309  dPrior -277  cost 0  gain +162,032
      birth: blk12 --310del22490-22490--> blk46   dep 219  dLL +6,136  dPrior -1,379  cost 0  gain +4,757
      birth: blk20 --371F--> blk47   dep 216  dLL +17,384  dPrior -2,005  cost 0  gain +15,379
      iter 50  LL/obs -11.00153  components 48
      iter 100  LL/obs -11.03136  components 48
      iter 150  LL/obs -11.05331  components 48
      death: 1 component(s) returned
      iter 200  LL/obs -11.05396  components 47
      iter 250  LL/obs -11.06015  components 47
      iter 300  LL/obs -11.06783  components 47
      death: 1 component(s) returned
      iter 350  LL/obs -11.07520  components 46
      death: 3 component(s) returned
      iter 400  LL/obs -11.20914  components 43

  --- fitting hierarchical, floor 0.05 (1 of 4) ---
      birth: blk3 --440K--> blk9   dep 1,608  dLL +2,081,342  dPrior -11,601  cost 0  gain +2,069,741
      birth: blk3 --477N--> blk10   dep 1,972  dLL +2,343,571  dPrior -234  cost 0  gain +2,343,338
      birth: blk3 --371L--> blk11   dep 1,317  dLL +302,425  dPrior -341  cost 0  gain +302,083
      birth: blk3 --211del22194-22196--> blk12   dep 1,002  dLL +223,820  dPrior -302  cost 0  gain +223,518
      birth: blk0 --375F--> blk13   dep 829  dLL +302,070  dPrior +5,778  cost 0  gain +307,848
      birth: blk12 --679K--> blk14   dep 778  dLL +139,488  dPrior -1,186  cost 0  gain +138,301
      birth: blk1 --142D--> blk15   dep 726  dLL +69,184  dPrior +14,577  cost 0  gain +83,761
      birth: blk1 --501Y--> blk16   dep 1,607  dLL +1,983,549  dPrior -378  cost 0  gain +1,983,171
      birth: blk16 --26S--> blk17   dep 2,540  dLL +310,899  dPrior -749  cost 0  gain +310,151
      birth: blk16 --346K--> blk18   dep 1,300  dLL +107,790  dPrior -638  cost 0  gain +107,152
      birth: blk15 --145H--> blk19   dep 1,187  dLL +111,748  dPrior -305  cost 0  gain +111,443
      birth: blk12 --27S--> blk20   dep 687  dLL +63,590  dPrior -760  cost 0  gain +62,830
      birth: blk9 --346K--> blk21   dep 503  dLL +201,467  dPrior -1,413  cost 0  gain +200,055
      birth: blk9 --371L--> blk22   dep 511  dLL +677,668  dPrior -195  cost 0  gain +677,474
      birth: blk9 --339D--> blk23   dep 526  dLL +105,420  dPrior -413  cost 0  gain +105,007
      birth: blk16 --95I--> blk24   dep 443  dLL +33,715  dPrior -1,133  cost 0  gain +32,582
      birth: blk24 --215G--> blk25   dep 500  dLL +46,227  dPrior -1,966  cost 0  gain +44,260
      birth: blk24 --75V--> blk26   dep 805  dLL +52,942  dPrior -1,156  cost 0  gain +51,786
      birth: blk24 --158S--> blk27   dep 870  dLL +74,882  dPrior -865  cost 0  gain +74,017
      birth: blk24 --158G--> blk28   dep 749  dLL +202,333  dPrior -478  cost 0  gain +201,855
      birth: blk3 --417N--> blk29   dep 425  dLL +76,408  dPrior -23,056  cost 0  gain +53,352
      birth: blk12 --212I--> blk30   dep 420  dLL +51,158  dPrior -489  cost 0  gain +50,669
      birth: blk11 --440K--> blk31   dep 383  dLL +90,657  dPrior +3,454  cost 0  gain +94,111
      birth: blk31 --95I--> blk32   dep 599  dLL +402,014  dPrior -374  cost 0  gain +401,640
      birth: blk11 --498R--> blk33   dep 412  dLL +37,264  dPrior -539  cost 0  gain +36,725
      birth: blk20 --375F--> blk34   dep 368  dLL +26,277  dPrior -722  cost 0  gain +25,555
      birth: blk20 --679K--> blk35   dep 358  dLL +19,273  dPrior -551  cost 0  gain +18,723
      birth: blk12 --67V--> blk36   dep 354  dLL +19,828  dPrior -1,371  cost 0  gain +18,458
      birth: blk29 --679K--> blk37   dep 349  dLL +43,826  dPrior -1,541  cost 0  gain +42,285
      birth: blk1 --158G--> blk38   dep 333  dLL +93,679  dPrior -6,330  cost 0  gain +87,349
      birth: blk23 --211del22194-22196--> blk39   dep 286  dLL +29,851  dPrior -2,982  cost 0  gain +26,868
      birth: blk23 --373P--> blk40   dep 331  dLL +81,862  dPrior -700  cost 0  gain +81,162
      birth: blk3 --212I--> blk41   dep 285  dLL +28,648  dPrior -22,106  cost 0  gain +6,543
      birth: blk22 --498R--> blk42   dep 258  dLL +17,902  dPrior -11,295  cost 0  gain +6,606
      birth: blk29 --446S--> blk43   dep 246  dLL +7,152  dPrior +375  cost 0  gain +7,527
      birth: blk31 --142del21987-21995--> blk44   dep 245  dLL +130,095  dPrior -2,082  cost 0  gain +128,013
      birth: blk12 --19R--> blk45   dep 242  dLL +11,184  dPrior -8,437  cost 0  gain +2,747
      birth: blk23 --145D--> blk46   dep 241  dLL +32,809  dPrior -3,914  cost 0  gain +28,895
      birth: blk21 --95I--> blk47   dep 209  dLL +13,454  dPrior -7,332  cost 0  gain +6,122
      death: 1 component(s) returned
      birth: blk16 --452R--> blk22   dep 337  dLL +596,662  dPrior -104,959  cost 0  gain +491,702
      death: 1 component(s) returned
      birth: blk16 --1118H--> blk42   dep 330  dLL +137,825  dPrior -121,580  cost 0  gain +16,245
      death: 1 component(s) returned
      birth: blk16 --501Y--> blk12   dep 326  dLL +112,252  dPrior -50,990  cost 0  gain +61,262
      death: 3 component(s) returned
      birth: blk16 --681H--> blk20   dep 303  dLL +29,677  dPrior -26,206  cost 0  gain +3,471
      birth: blk16 --19I--> blk34   dep 742  dLL +51,436  dPrior +648  cost 0  gain +52,084
      birth: blk34 --405N--> blk35   dep 498  dLL +16,198  dPrior -853  cost 0  gain +15,345
      death: 3 component(s) returned
      birth: blk34 --375F--> blk13   dep 484  dLL +4,142  dPrior -2,825  cost 0  gain +1,317
      birth: blk34 --796Y--> blk14   dep 355  dLL +20,707  dPrior -62  cost 0  gain +20,645
      birth: blk22 --12F--> blk30   dep 267  dLL +9,539  dPrior +6,635  cost 0  gain +16,173
      death: 1 component(s) returned
      birth: blk0 --408S--> blk45   dep 249  dLL +299,235  dPrior -114,522  cost 0  gain +184,713
      iter 50  LL/obs -38.45076  components 48
      death: 1 component(s) returned
      birth: blk42 --1027I--> blk25   dep 2,170  dLL +440,015  dPrior -18,176  cost 0  gain +421,839
      death: 1 component(s) returned
      death: 1 component(s) returned
      death: 1 component(s) returned
      birth: blk17 --452Q--> blk12   dep 860  dLL -4,497  dPrior +51,221  cost 0  gain +46,724
      death: 1 component(s) returned
      death: 1 component(s) returned
      death: 1 component(s) returned
      death: 1 component(s) returned
      death: 1 component(s) returned
      death: 1 component(s) returned
      death: 1 component(s) returned
      birth: blk45 --339D--> blk2   dep 96  dLL +232,816  dPrior -103,104  cost 0  gain +129,712
      birth: blk2 --446S--> blk18   dep 474  dLL +97,151  dPrior -1,779  cost 0  gain +95,371
      birth: blk2 --373P--> blk20   dep 184  dLL +22,963  dPrior -286  cost 0  gain +22,677
      birth: blk18 --856K--> blk21   dep 114  dLL +223,591  dPrior +877  cost 0  gain +224,468
      birth: blk18 --446S--> blk26   dep 296  dLL +5,964  dPrior -1,120  cost 0  gain +4,844
      birth: blk21 --346K--> blk27   dep 224  dLL +121,275  dPrior +236  cost 0  gain +121,510
      birth: blk21 --371L--> blk30   dep 289  dLL +65,209  dPrior -171  cost 0  gain +65,038
      birth: blk30 --417N--> blk35   dep 311  dLL +81,071  dPrior -204  cost 0  gain +80,867
      birth: blk35 --95I--> blk37   dep 638  dLL +206,208  dPrior -304  cost 0  gain +205,904
      death: 1 component(s) returned
      birth: blk35 --496S--> blk47   dep 515  dLL +41,730  dPrior -3,129  cost 0  gain +38,602
      iter 100  LL/obs -38.61840  components 48
      death: 1 component(s) returned
      death: 1 component(s) returned
      death: 2 component(s) returned
      death: 2 component(s) returned
      death: 1 component(s) returned
      death: 1 component(s) returned
      death: 1 component(s) returned
      iter 150  LL/obs -38.73401  components 39
      death: 1 component(s) returned
      birth: blk41 --547K--> blk3   dep 48  dLL +2,791,937  dPrior -844,682  cost 0  gain +1,947,255
      birth: blk3 --493R--> blk14   dep 2,572  dLL +35,415,421  dPrior -621  cost 0  gain +35,414,800
      birth: blk3 --373P--> blk18   dep 1,286  dLL +358,388  dPrior -180  cost 0  gain +358,208
      birth: blk18 --484A--> blk21   dep 1,054  dLL +729,393  dPrior -181  cost 0  gain +729,213
      death: 7 component(s) returned
      birth: blk21 --501Y--> blk11   dep 1,088  dLL +212,705  dPrior -458  cost 0  gain +212,247
      birth: blk14 --446S--> blk20   dep 934  dLL +146,249  dPrior -326  cost 0  gain +145,923
      birth: blk20 --346K--> blk26   dep 468  dLL +419,663  dPrior -112  cost 0  gain +419,551
      birth: blk20 --371L--> blk27   dep 445  dLL +886,715  dPrior -342  cost 0  gain +886,373
      death: 4 component(s) returned
      birth: blk20 --339D--> blk10   dep 515  dLL +43,148  dPrior -942  cost 0  gain +42,206
      birth: blk3 --417N--> blk23   dep 430  dLL +17,706  dPrior +1,736  cost 0  gain +19,442
      birth: blk18 --440K--> blk30   dep 410  dLL +13,013  dPrior +324  cost 0  gain +13,337
      birth: blk18 --498R--> blk31   dep 418  dLL +20,045  dPrior -483  cost 0  gain +19,562
      death: 1 component(s) returned
      birth: blk23 --679K--> blk29   dep 388  dLL +41,672  dPrior -1,622  cost 0  gain +40,050
      birth: blk10 --145D--> blk32   dep 320  dLL +41,670  dPrior -493  cost 0  gain +41,177
      birth: blk3 --212I--> blk33   dep 299  dLL +18,722  dPrior +240  cost 0  gain +18,962
      birth: blk23 --446S--> blk35   dep 236  dLL +15,809  dPrior -276  cost 0  gain +15,533
      death: 1 component(s) returned
      birth: blk10 --373P--> blk37   dep 233  dLL +79,519  dPrior -830  cost 0  gain +78,690
      birth: blk30 --95I--> blk39   dep 220  dLL +23,736  dPrior -866  cost 0  gain +22,869
      birth: blk18 --211del22194-22196--> blk40   dep 168  dLL +13,489  dPrior -254  cost 0  gain +13,235
      death: 1 component(s) returned
      birth: blk41 --486V--> blk36   dep 400  dLL +44,044  dPrior -14,428  cost 0  gain +29,616
      birth: blk41 --981F--> blk43   dep 359  dLL +72,888  dPrior -8,919  cost 0  gain +63,969
      birth: blk41 --493R--> blk44   dep 459  dLL +103,707  dPrior +37,758  cost 0  gain +141,465
      birth: blk32 --211del22194-22196--> blk46   dep 150  dLL +4,395  dPrior -3,048  cost 0  gain +1,347
      birth: blk21 --142del21987-21995--> blk47   dep 149  dLL +26,954  dPrior -6,754  cost 0  gain +20,200
      death: 1 component(s) returned
      birth: blk44 --373P--> blk42   dep 137  dLL +90,362  dPrior -10,066  cost 0  gain +80,296
      death: 1 component(s) returned
      death: 1 component(s) returned
      iter 200  LL/obs -38.71031  components 46
      death: 1 component(s) returned
      birth: blk42 --405N--> blk2   dep 117  dLL +13,034,523  dPrior -42,803  cost 0  gain +12,991,720
      birth: blk2 --452Q--> blk4   dep 936  dLL +3,009,904  dPrior -134  cost 0  gain +3,009,770
      death: 1 component(s) returned
      death: 1 component(s) returned
      death: 1 component(s) returned
      death: 1 component(s) returned
      iter 250  LL/obs -38.89687  components 43
      death: 1 component(s) returned
      death: 1 component(s) returned
      death: 1 component(s) returned
      death: 1 component(s) returned
      iter 300  LL/obs -38.93972  components 39
      death: 1 component(s) returned
      death: 1 component(s) returned
      death: 4 component(s) returned
      death: 2 component(s) returned
      death: 5 component(s) returned
      death: 1 component(s) returned
      iter 350  LL/obs -40.67780  components 25
      death: 1 component(s) returned
      death: 1 component(s) returned
      iter 400  LL/obs -39.86765  components 23

==========================================================================================
HORIZON LADDER   train 2021-06..2022-05   max-K=48   1 seed(s)
==========================================================================================

  model                                  h=1         h=6      blocks
                                     2022-06     2022-11
  independence (1 block)             -14.845     -37.902           1
  exact-set lookup                    -8.068     -14.854       21001

  flat                               -16.354     -42.110          13
  flat + drift                       -13.150     -44.564          13
  flat + drift + split-merge         -12.432     -31.835          18
  hierarchical + birth-death          -6.864     -30.489          48
  hierarchical, floor 0.002           -8.397     -34.628          48
  hierarchical, floor 0.01           -14.014     -32.004          43
  hierarchical, floor 0.05           -45.917     -62.264          23

  SWEEP: what softening the emission costs and buys

    2022-06  h=1   seen share 91.7%
      prior                           seen    unseen    d seen  d unseen
      hierarchical + birth-death    -5.613   -20.750    +0.000    +0.000
      hierarchical, floor 0.002     -7.191   -21.781    -1.578    -1.031
      hierarchical, floor 0.01     -12.873   -26.675    -7.260    -5.925
      hierarchical, floor 0.05     -45.016   -55.911   -39.403   -35.161

    2022-11  h=6   seen share 20.5%
      prior                           seen    unseen    d seen  d unseen
      hierarchical + birth-death    -8.658   -36.133    +0.000    +0.000
      hierarchical, floor 0.002    -17.013   -39.183    -8.355    -3.050
      hierarchical, floor 0.01     -19.899   -35.134   -11.241    +0.999
      hierarchical, floor 0.05     -53.971   -64.409   -45.313   -28.275

      d seen / d unseen are against the unsmoothed model. The prediction being
      tested is that they move in OPPOSITE directions: sharp blocks describe
      seen sets well and assign almost nothing to a set one mutation off. If
      both columns get worse, sharpness is not the mechanism.


  gain over flat
  flat + drift                        +3.204      -2.453
  flat + drift + split-merge          +3.922     +10.276
  hierarchical + birth-death          +9.491     +11.622
  hierarchical, floor 0.002           +7.958      +7.482
  hierarchical, floor 0.01            +2.341     +10.106
  hierarchical, floor 0.05           -29.562     -20.154

==========================================================================================
  PI HEADROOM   signatures frozen, weights refit on the test month
==========================================================================================

  model                                  h=1         h=6
  flat                               -16.354     -42.110   copied
                                     -16.335     -42.084   best possible
                                      +0.020      +0.027   headroom

  flat + drift                       -13.150     -44.564   copied
                                     -13.130     -44.542   best possible
                                      +0.020      +0.022   headroom

  flat + drift + split-merge         -12.432     -31.835   copied
                                     -12.399     -31.438   best possible
                                      +0.032      +0.396   headroom

  hierarchical + birth-death          -6.864     -30.489   copied
                                      -6.035     -29.951   best possible
                                      +0.828      +0.538   headroom

  hierarchical, floor 0.002           -8.397     -34.628   copied
                                      -7.569     -29.008   best possible
                                      +0.828      +5.620   headroom

  hierarchical, floor 0.01           -14.014     -32.004   copied
                                     -13.170     -30.181   best possible
                                      +0.844      +1.823   headroom

  hierarchical, floor 0.05           -45.917     -62.264   copied
                                     -45.875     -60.465   best possible
                                      +0.042      +1.799   headroom

  Headroom is what copying last month's weights costs. Small means
  the comparison is about the signatures, as intended. Large means
  a rung is being held back by copy-pi and its gain understates it.

==========================================================================================
  SEEN vs UNSEEN SETS   split by whether the exact set appeared in training
==========================================================================================

  2022-06  h=1   sequences whose set was seen in training: 91.7%
    model                                 seen      unseen         gap
    independence (1 block)             -13.608     -28.581     -14.973
    exact-set lookup                    -7.328     -16.284      -8.956
    flat                               -15.096     -30.320     -15.224
    flat + drift                       -11.872     -27.340     -15.468
    flat + drift + split-merge         -11.160     -26.553     -15.393
    hierarchical + birth-death          -5.613     -20.750     -15.137
    hierarchical, floor 0.002           -7.191     -21.781     -14.590
    hierarchical, floor 0.01           -12.873     -26.675     -13.802
    hierarchical, floor 0.05           -45.016     -55.911     -10.895

  2022-11  h=6   sequences whose set was seen in training: 20.5%
    model                                 seen      unseen         gap
    independence (1 block)             -23.965     -41.506     -17.541
    exact-set lookup                    -9.324     -16.284      -6.959
    flat                               -21.596     -47.415     -25.818
    flat + drift                       -22.786     -50.195     -27.409
    flat + drift + split-merge         -11.336     -37.135     -25.799
    hierarchical + birth-death          -8.658     -36.133     -27.475
    hierarchical, floor 0.002          -17.013     -39.183     -22.170
    hierarchical, floor 0.01           -19.899     -35.134     -15.235
    hierarchical, floor 0.05           -53.971     -64.409     -10.438

  Seen sets measure frequency tracking: the lookup table is near-optimal there
  by construction. Unseen sets measure putting probability on combinations
  never observed, where the lookup table sits at its smoothing floor. A gain
  concentrated in the unseen column is the result this project claims. A gain
  concentrated in the seen column is a good density model of the population
  that already exists -- worth saying plainly rather than leaving to inference.

  Read the GAIN row, not the raw likelihoods: later months are harder for every
  model, so raw likelihood falls with h regardless of what the model does.

