train 2021-06..2022-05   h=1:2022-06   h=6:2022-11
one fit, 48 blocks. Only the way a sequence is assembled from them changes below.

==================================================================
  2022-06   h=1   unseen share 8.3%
==================================================================
       lam  switch        seen      unseen         all
       0.0   0.000      -5.613     -20.750      -6.864
       0.0   0.001      -5.673     -18.423      -6.727
       0.0   0.005      -6.860     -18.710      -7.839
       0.0   0.020      -8.691     -20.164      -9.639
       0.5   0.000      -5.613     -20.750      -6.864
       0.5   0.001      -5.727     -18.736      -6.802
       0.5   0.005      -6.894     -19.253      -7.915
       0.5   0.020      -8.726     -20.937      -9.735
       1.0   0.000      -5.613     -20.750      -6.864
       1.0   0.001      -5.764     -18.983      -6.856
       1.0   0.005      -6.886     -19.596      -7.936
       1.0   0.020      -8.735     -21.411      -9.782
       2.0   0.000      -5.613     -20.750      -6.864
       2.0   0.001      -5.747     -19.395      -6.874
       2.0   0.005      -6.625     -19.768      -7.711
       2.0   0.020      -8.212     -21.040      -9.272
              best      +0.000      +2.327      +0.137

==================================================================
  2022-11   h=6   unseen share 79.5%
==================================================================
       lam  switch        seen      unseen         all
       0.0   0.000      -8.658     -36.133     -30.489
       0.0   0.001      -8.499     -34.376     -29.060
       0.0   0.005      -8.919     -34.000     -28.848
       0.0   0.020     -10.387     -34.371     -29.444
       0.5   0.000      -8.658     -36.133     -30.489
       0.5   0.001      -8.467     -34.537     -29.181
       0.5   0.005      -8.838     -34.229     -29.013
       0.5   0.020     -10.321     -34.623     -29.631
       1.0   0.000      -8.658     -36.133     -30.489
       1.0   0.001      -8.462     -34.651     -29.270
       1.0   0.005      -8.746     -34.401     -29.130
       1.0   0.020     -10.099     -34.849     -29.764
       2.0   0.000      -8.658     -36.133     -30.489
       2.0   0.001      -8.488     -35.125     -29.653
       2.0   0.005      -8.431     -34.737     -29.333
       2.0   0.020      -8.657     -34.859     -29.476
              best      +0.227      +2.133      +1.641


  switch = 0 must reproduce the ordinary mixture exactly; if it does not, the
  forward recursion is wrong and nothing below it means anything.

  unseen improves as the switch rate rises
      -> novel sets really are assemblies of existing blocks, and the single-
         block assumption was the constraint. Fit with copying.
  unseen does not improve
      -> the novelty is not recombination of known blocks, and the deficit
         lies somewhere else again.

  lam > 0 beats lam = 0
      -> switches go to NEARBY blocks. The novelty is a short hop within a
         clade rather than a splice of unrelated lineages, and the tree
         already carried the information needed to score it.
  lam = 0 wins
      -> where a switch lands is not constrained by the tree, and the
         proximity the hierarchy encodes is not the proximity that matters
         here.

