  2,000,000 rows ...
  4,000,000 rows ...
  6,000,000 rows ...
  8,000,000 rows ...

rows read 9,428,945   kept 9,261,216   dropped(unmapped) 0

OVERALL sequence-weighted purity = 0.6503  on 9,261,216 sequences

set size |S|          #seq    share    purity
0                   50,028     0.5%    0.5540
1                  240,655     2.6%    0.2654
2                  184,902     2.0%    0.6395
3                  109,027     1.2%    0.8576
4                  104,390     1.1%    0.6927
5                  105,912     1.1%    0.5804
6                  213,434     2.3%    0.4763
7                1,040,027    11.2%    0.6195
8                1,070,615    11.6%    0.3458
9                  937,979    10.1%    0.6547
10+              5,204,247    56.2%    0.7408
|S|>=2 pooled    8,970,533    96.9%    0.6612

month           #seq    #sets    purity   top lineage     
2020-03       29,957      255    0.4570   B.1             
2020-04       34,915      421    0.4017   B.1             
2020-05       17,775      324    0.4345   B.1.1           
2020-06       17,010      308    0.5336   B.1.1           
2020-07       19,983      348    0.5667   D.2             
2020-08       21,611      440    0.5409   B.1.1           
2020-09       31,345      554    0.6044   B.1.177         
2020-10       52,939      964    0.6948   B.1.177         
2020-11       65,968    1,275    0.7259   B.1.177         
2020-12       83,537    1,910    0.7874   B.1.1           
2021-01      140,001    3,211    0.8736   B.1.1           
2021-02      162,214    3,770    0.9013   B.1.1           
2021-03      246,946    4,918    0.9465   B.1.1           
2021-04      245,171    5,132    0.9596   B.1.1           
2021-05      176,759    4,567    0.9106   B.1.1           
2021-06      170,243    4,027    0.7630   AY.4            
2021-07      339,062    6,213    0.5025   AY.4            
2021-08      521,964    9,170    0.4255   AY.4            
2021-09      532,248    9,738    0.4335   AY.4            
2021-10      494,898    9,927    0.4703   AY.4            
2021-11      615,637   10,896    0.5141   AY.4            
2021-12      735,064   21,875    0.6076   BA.1.1          
2022-01      830,237   25,744    0.7784   BA.1.1          
2022-02      644,239   19,493    0.8313   BA.1.1          
2022-03      590,748   13,416    0.7843   BA.2            
2022-04      309,042    9,159    0.7448   BA.2            
2022-05      231,249    9,239    0.7722   BA.2            
2022-06      239,958    9,818    0.6591   BA.2.12         
2022-07      255,518   10,499    0.5496   BA.5.2          
2022-08      176,199    7,820    0.5773   BA.5.2          
2022-09      139,225    7,293    0.6059   BA.5.2          
2022-10      131,802    8,842    0.6124   BA.5.2          
2022-11      120,912    9,428    0.6275   BQ.1.1          
2022-12      144,098   11,977    0.6887   BQ.1.1          
2023-01       98,157   10,749    0.7902   BQ.1.1          
2023-02       81,914    9,915    0.8481   XBB.1.5         
2023-03       70,130    8,645    0.8342   XBB.1.5         
2023-04       35,530    5,739    0.8017   XBB.1.5         
2023-05       22,492    3,921    0.7284   XBB.1.5         
2023-06       11,865    2,702    0.7274   XBB.1.5         
2023-07       14,962    3,320    0.7861   XBB.1.16        
2023-08       32,960    5,989    0.8208   XBB.1.16        
2023-09       36,312    6,266    0.8390   EG.5.1          
2023-10       32,415    5,926    0.8418   EG.5.1          
2023-11       31,136    5,965    0.8079   HV.1            
2023-12       40,834    7,078    0.6805   JN.1            
2024-01       33,190    5,074    0.5946   JN.1            
2024-02       19,308    3,090    0.5935   JN.1            
2024-03        9,041    2,245    0.6817   JN.1            
2024-04        7,137    2,111    0.7516   JN.1.7          
2024-05        9,696    2,946    0.7527   KP.2            
2024-06       16,893    3,782    0.6858   KP.3.1          
2024-07       23,434    4,523    0.6814   KP.3.1          
2024-08       21,860    4,298    0.6923   KP.3.1          
2024-09       16,701    3,345    0.6995   KP.3.1          
2024-10        9,962    2,066    0.6957   KP.3.1          
2024-11        7,102    1,706    0.6956   KP.3.1          
2024-12        9,711    2,024    0.6747   XEC             

READ
  purity = accuracy of the best possible classifier that sees ONLY the spike
  mutation set. It is the ceiling for the correspondence test; report any ARI
  next to the purity for the same window or the number cannot be interpreted.

  Low purity at |S|<=1 is expected and is not a defect of the representation:
  Pango is called on the whole genome, so lineages differing only outside spike
  are indistinguishable here by construction.

  The month column is the one to act on. If purity is low in 2020 and high from
  mid-2021, run the correspondence experiment on the later window and report the
  early window with its ceiling stated. If it stays low throughout, spike
  underdetermines lineage in general -- a stronger and more important finding.

