  2,000,000 rows ...
  4,000,000 rows ...
  6,000,000 rows ...
  8,000,000 rows ...

rows read 9,428,945   kept 7,471,599   dropped(unmapped) 1,789,617

OVERALL sequence-weighted purity = 0.6684  on 7,471,599 sequences

set size |S|          #seq    share    purity
0                   47,135     0.6%    0.5623
1                  192,793     2.6%    0.2711
2                  150,298     2.0%    0.6294
3                   85,758     1.1%    0.8493
4                   83,193     1.1%    0.6835
5                   74,623     1.0%    0.5269
6                  165,863     2.2%    0.4735
7                  807,298    10.8%    0.6288
8                  791,541    10.6%    0.3718
9                  690,064     9.2%    0.6752
10+              4,383,033    58.7%    0.7542
|S|>=2 pooled    7,231,671    96.8%    0.6797

month           #seq    #sets    purity   top lineage     
2020-03       28,275      242    0.4639   B.1             
2020-04       31,908      386    0.4101   B.1             
2020-05       15,405      292    0.4348   B.1.1           
2020-06       14,243      269    0.5584   B.1.1           
2020-07       17,318      305    0.5840   D.2             
2020-08       17,715      369    0.5438   B.1.1           
2020-09       24,596      467    0.6181   B.1.177         
2020-10       42,364      811    0.7058   B.1.177         
2020-11       51,776    1,048    0.7416   B.1.177         
2020-12       66,750    1,574    0.8109   B.1.1           
2021-01      114,419    2,588    0.8915   B.1.1           
2021-02      127,433    2,941    0.9138   B.1.1           
2021-03      187,392    3,733    0.9522   B.1.1           
2021-04      178,809    3,818    0.9641   B.1.1           
2021-05      133,604    3,431    0.9078   B.1.1           
2021-06      141,009    3,143    0.7693   AY.4            
2021-07      265,339    4,920    0.5128   AY.4            
2021-08      398,737    7,260    0.4321   AY.4            
2021-09      395,635    7,579    0.4437   AY.4            
2021-10      359,177    7,633    0.4847   AY.4            
2021-11      434,862    8,347    0.5244   AY.4            
2021-12      566,466   18,275    0.6409   BA.1            
2022-01      714,382   22,373    0.8059   BA.1.1          
2022-02      562,508   16,855    0.8460   BA.1.1          
2022-03      533,755   11,801    0.7886   BA.2            
2022-04      275,215    8,138    0.7543   BA.2            
2022-05      201,354    8,248    0.7927   BA.2            
2022-06      212,150    8,802    0.6662   BA.2.12         
2022-07      227,512    9,371    0.5515   BA.5.2          
2022-08      154,202    6,864    0.5805   BA.5.2          
2022-09      118,257    6,229    0.6099   BA.5.2          
2022-10      110,287    7,467    0.6226   BA.5.2          
2022-11       99,231    7,899    0.6484   BQ.1.1          
2022-12      116,049    9,957    0.7136   BQ.1.1          
2023-01       77,927    8,740    0.8177   BQ.1.1          
2023-02       64,435    7,921    0.8633   XBB.1.5         
2023-03       53,800    6,835    0.8405   XBB.1.5         
2023-04       26,333    4,399    0.8078   XBB.1.5         
2023-05       15,665    2,942    0.7447   XBB.1.5         
2023-06        8,198    1,971    0.7518   XBB.1.5         
2023-07       10,585    2,409    0.8157   XBB.1.16        
2023-08       24,480    4,458    0.8525   XBB.1.16        
2023-09       27,740    4,772    0.8712   EG.5.1          
2023-10       24,301    4,476    0.8781   EG.5.1          
2023-11       22,994    4,480    0.8364   HV.1            
2023-12       31,562    5,365    0.6904   JN.1            
2024-01       27,306    4,082    0.5990   JN.1            
2024-02       15,857    2,526    0.5995   JN.1            
2024-03        7,343    1,904    0.6947   JN.1            
2024-04        5,473    1,683    0.7583   JN.1.7          
2024-05        7,264    2,270    0.7471   KP.2            
2024-06       12,865    2,891    0.6800   KP.3.1          
2024-07       18,089    3,471    0.6831   KP.3.1          
2024-08       16,820    3,322    0.7018   KP.3.1          
2024-09       13,029    2,616    0.7101   KP.3.1          
2024-10        7,955    1,662    0.7118   KP.3.1          
2024-11        5,697    1,376    0.7058   KP.3.1          
2024-12        7,747    1,624    0.6908   XEC             

READ
  purity = accuracy of the best possible classifier that sees ONLY the spike
  mutation set. It is the ceiling for the correspondence test; report any ARI
  next to the purity for the same window or the number cannot be interpreted.

  Low purity at |S|<=1 is expected and is not a defect of the representation:
  Pango is called on the whole genome, so lineages differing only outside spike
  are indistinguishable here by construction.

  The month column is the one to act on. If purity is low in 2020 and high from
  mid-2021, run the correspondence experiment on the later window and report the
  early window with its ceiling stated. If it stays low throughout, spike
  underdetermines lineage in general -- a stronger and more important finding.

