V = 1,180   K = 8   window = 12 months   horizon = h=3
  (training ends 3 month(s) before each test month; persistence = copy the last TRAINING month)

  2022-01  novelty 162.62  persist -156.819  A -156.525  best-with-K -152.094  best-with-K+1 -129.003  [969K+954H+655Y+679K]
  2022-02  novelty   9.66  persist  -28.437  A  -29.636  best-with-K  -22.070  best-with-K+1  -20.733  [440K+417N+213G+19I]
  2022-03  novelty  -0.51  persist  -10.932  A  -10.696  best-with-K   -6.227  best-with-K+1      nan  [-]
  2022-04  novelty  -3.66  persist   -9.787  A  -11.843  best-with-K   -7.140  best-with-K+1      nan  [-]
  2022-05  novelty   7.02  persist  -12.904  A  -14.519  best-with-K  -11.767  best-with-K+1   -8.571  [704L+452Q]
  2022-06  novelty  18.19  persist  -20.194  A  -23.021  best-with-K  -19.992  best-with-K+1  -11.082  [486V+452R+704L+452Q]
  2022-07  novelty  16.30  persist  -22.265  A  -22.875  best-with-K  -22.212  best-with-K+1  -11.168  [486V+452R]
  2022-08  novelty  11.38  persist  -17.940  A  -18.269  best-with-K  -17.927  best-with-K+1  -10.114  [486V+452R]
  2022-09  novelty  -2.00  persist   -8.342  A   -8.571  best-with-K   -7.871  best-with-K+1      nan  [-]
  2022-10  novelty   1.72  persist  -14.060  A  -14.790  best-with-K  -14.052  best-with-K+1  -13.566  [346T]
  2022-11  novelty  12.03  persist  -22.738  A  -23.410  best-with-K  -22.672  best-with-K+1  -17.465  [346T+460K+444T]

====================================================================================================
CONTROL 1   does A fail only when the month contains something new?
====================================================================================================

test           #seq   novelty   persist     via A      gap
2022-01     833,110    162.62  -156.819  -156.525   +0.294
2022-02     644,921      9.66   -28.437   -29.636   -1.199  <-- A loses
2022-03     591,573     -0.51   -10.932   -10.696   +0.236
2022-04     309,445     -3.66    -9.787   -11.843   -2.056  <-- A loses
2022-05     231,731      7.02   -12.904   -14.519   -1.615  <-- A loses
2022-06     240,709     18.19   -20.194   -23.021   -2.827  <-- A loses
2022-07     256,433     16.30   -22.265   -22.875   -0.610  <-- A loses
2022-08     176,780     11.38   -17.940   -18.269   -0.330  <-- A loses
2022-09     139,498     -2.00    -8.342    -8.571   -0.229  <-- A loses
2022-10     132,012      1.72   -14.060   -14.790   -0.731  <-- A loses
2022-11     121,177     12.03   -22.738   -23.410   -0.672  <-- A loses

  correlation(novelty, gap):  Pearson r = +0.359 (p=0.279)   Spearman rho = +0.100
  A NEGATIVE correlation means A loses more in months containing
  something the groups cannot explain. That is the missing-latent
  signature. A flat correlation means A is simply badly estimated.

====================================================================================================
CONTROL 2   CEILING -- could ANY dynamics have done better, with the
            rows the model has?
====================================================================================================

  'best with K rows' is the highest score reachable by ANY choice of pi over the
  existing rows -- pi fitted directly ON the test month with theta fixed. No
  transition matrix, however parameterised, can exceed it.

  'best with K+1 rows' adds one row built from the dominant group's test-month
  excess. Both are ORACLES; they use the test month. They bound what is
  achievable, they are not forecasting methods.

test        persist         A    best K   best K+1  headroom  row worth   row = parent +        
2022-01    -156.819  -156.525  -152.094   -129.003    +4.724    +23.092   blk4 + 969K+954H+655Y+679K
2022-02     -28.437   -29.636   -22.070    -20.733    +6.367     +1.337   blk4 + 440K+417N+213G+19I
2022-03     -10.932   -10.696    -6.227        nan    +4.705       +nan   blk4 + -                 
2022-04      -9.787   -11.843    -7.140        nan    +2.647       +nan   blk4 + -                 
2022-05     -12.904   -14.519   -11.767     -8.571    +1.137     +3.196   blk4 + 704L+452Q         
2022-06     -20.194   -23.021   -19.992    -11.082    +0.202     +8.910   blk1 + 486V+452R+704L+452Q
2022-07     -22.265   -22.875   -22.212    -11.168    +0.054    +11.043   blk1 + 486V+452R         
2022-08     -17.940   -18.269   -17.927    -10.114    +0.012     +7.813   blk1 + 486V+452R         
2022-09      -8.342    -8.571    -7.871        nan    +0.471       +nan   blk6 + -                 
2022-10     -14.060   -14.790   -14.052    -13.566    +0.008     +0.486   blk6 + 346T              
2022-11     -22.738   -23.410   -22.672    -17.465    +0.065     +5.207   blk6 + 346T+460K+444T    

  mean headroom for better dynamics (best K  - persistence): +1.854
  mean value of one extra row       (best K+1 - best K)    : +7.636

  -> NOT the missing row. There IS substantial headroom over persistence using
     only the existing rows, so a better-estimated A could have captured it.
     Fix the parameterisation before adding birth.

HOW TO READ

  The injected row is an ORACLE: it uses the test month to decide which
  mutations to raise. It is an upper bound on what a birth mechanism could
  achieve, not a forecasting method. Do not report it as performance.

  What it establishes is CAUSATION. The only thing that changed between the
  two columns is the presence of one extra row. If A goes from losing to
  winning, the missing row was the cause, and no reparameterisation of A --
  growth rates, low rank, more months -- could have fixed it.

  If the gap stays negative even with the row present, the story is wrong:
  A is badly estimated, and the fix is fewer parameters, not birth.

  Control 1 is the independent check. A missing-latent failure should be
  concentrated in high-novelty months. An estimation failure should not care.

