V = 1,180   K = 8   window = 12 months   horizon = h=1
  (training ends 1 month(s) before each test month; persistence = copy the last TRAINING month)

  2022-01  novelty   2.76  persist   -9.390  A   -9.363  best-with-K   -8.675  best-with-K+1   -8.255  [417N+446S+440K+346K]
  2022-02  novelty  -1.57  persist   -7.681  A   -9.194  best-with-K   -7.354  best-with-K+1   -7.021  [346K+440K+417N+446S]
  2022-03  novelty  -3.91  persist   -5.962  A   -6.619  best-with-K   -5.381  best-with-K+1      nan  [-]
  2022-04  novelty  -0.93  persist   -6.933  A   -8.275  best-with-K   -6.833  best-with-K+1      nan  [-]
  2022-05  novelty   7.09  persist   -9.523  A   -9.896  best-with-K   -9.504  best-with-K+1   -8.302  [704L+452Q]
  2022-06  novelty  11.34  persist  -13.870  A  -14.058  best-with-K  -13.857  best-with-K+1  -10.300  [486V+452R+704L+452Q]
  2022-07  novelty  -2.33  persist   -6.998  A   -7.085  best-with-K   -6.721  best-with-K+1      nan  [-]
  2022-08  novelty  -4.05  persist   -6.482  A   -6.765  best-with-K   -6.445  best-with-K+1      nan  [-]
  2022-09  novelty   0.14  persist   -7.615  A   -8.011  best-with-K   -7.614  best-with-K+1      nan  [-]
  2022-10  novelty   2.71  persist  -10.102  A  -10.149  best-with-K  -10.078  best-with-K+1   -9.841  [346T]
  2022-11  novelty   5.86  persist  -12.371  A  -12.558  best-with-K  -12.343  best-with-K+1  -10.306  [460K+444T+346T]

====================================================================================================
CONTROL 1   does A fail only when the month contains something new?
====================================================================================================

test           #seq   novelty   persist     via A      gap
2022-01     833,110      2.76    -9.390    -9.363   +0.027
2022-02     644,921     -1.57    -7.681    -9.194   -1.514  <-- A loses
2022-03     591,573     -3.91    -5.962    -6.619   -0.657  <-- A loses
2022-04     309,445     -0.93    -6.933    -8.275   -1.342  <-- A loses
2022-05     231,731      7.09    -9.523    -9.896   -0.373  <-- A loses
2022-06     240,709     11.34   -13.870   -14.058   -0.189  <-- A loses
2022-07     256,433     -2.33    -6.998    -7.085   -0.086  <-- A loses
2022-08     176,780     -4.05    -6.482    -6.765   -0.283  <-- A loses
2022-09     139,498      0.14    -7.615    -8.011   -0.396  <-- A loses
2022-10     132,012      2.71   -10.102   -10.149   -0.047
2022-11     121,177      5.86   -12.371   -12.558   -0.187  <-- A loses

  correlation(novelty, gap):  Pearson r = +0.370 (p=0.263)   Spearman rho = +0.345
  A NEGATIVE correlation means A loses more in months containing
  something the groups cannot explain. That is the missing-latent
  signature. A flat correlation means A is simply badly estimated.

====================================================================================================
CONTROL 2   CEILING -- could ANY dynamics have done better, with the
            rows the model has?
====================================================================================================

  'best with K rows' is the highest score reachable by ANY choice of pi over the
  existing rows -- pi fitted directly ON the test month with theta fixed. No
  transition matrix, however parameterised, can exceed it.

  'best with K+1 rows' adds one row built from the dominant group's test-month
  excess. Both are ORACLES; they use the test month. They bound what is
  achievable, they are not forecasting methods.

test        persist         A    best K   best K+1  headroom  row worth   row = parent +        
2022-01      -9.390    -9.363    -8.675     -8.255    +0.715     +0.420   blk2 + 417N+446S+440K+346K
2022-02      -7.681    -9.194    -7.354     -7.021    +0.327     +0.333   blk2 + 346K+440K+417N+446S
2022-03      -5.962    -6.619    -5.381        nan    +0.581       +nan   blk4 + -                 
2022-04      -6.933    -8.275    -6.833        nan    +0.100       +nan   blk1 + -                 
2022-05      -9.523    -9.896    -9.504     -8.302    +0.019     +1.202   blk1 + 704L+452Q         
2022-06     -13.870   -14.058   -13.857    -10.300    +0.012     +3.557   blk1 + 486V+452R+704L+452Q
2022-07      -6.998    -7.085    -6.721        nan    +0.277       +nan   blk6 + -                 
2022-08      -6.482    -6.765    -6.445        nan    +0.038       +nan   blk6 + -                 
2022-09      -7.615    -8.011    -7.614        nan    +0.001       +nan   blk6 + -                 
2022-10     -10.102   -10.149   -10.078     -9.841    +0.024     +0.237   blk6 + 346T              
2022-11     -12.371   -12.558   -12.343    -10.306    +0.028     +2.037   blk6 + 460K+444T+346T    

  mean headroom for better dynamics (best K  - persistence): +0.193
  mean value of one extra row       (best K+1 - best K)    : +1.298

  -> MIXED. Both effects are present. Report both numbers rather than choosing.

HOW TO READ

  The injected row is an ORACLE: it uses the test month to decide which
  mutations to raise. It is an upper bound on what a birth mechanism could
  achieve, not a forecasting method. Do not report it as performance.

  What it establishes is CAUSATION. The only thing that changed between the
  two columns is the presence of one extra row. If A goes from losing to
  winning, the missing row was the cause, and no reparameterisation of A --
  growth rates, low rank, more months -- could have fixed it.

  If the gap stays negative even with the row present, the story is wrong:
  A is badly estimated, and the fix is fewer parameters, not birth.

  Control 1 is the independent check. A missing-latent failure should be
  concentrated in high-novelty months. An estimation failure should not care.

