K = 24   V = 1,180   months 2020-06..2024-12 (55)

building monthly frequency table ...
loaded 538 spike-changing birth events
  1,012 (group, mutation) positives placed inside the window
candidate rows 1,514,754   positives 692 (0.0457%)
train months 0..35  (1,009,836 rows, 510 pos)
test  months 36..     (504,918 rows, 182 pos)

==================================================================
FITTED WEIGHTS  (standardised; sign and magnitude are comparable)
==================================================================
  log_freq              +1.202  ########################
  pi_parent             +1.082  #####################
  months_since_seen     -0.836  ################
  max_other_group       +0.715  ##############
  hist_peak             -0.531  ##########
  pos_mutability        -0.484  #########
  convergent            +0.420  ########
  n_groups              -0.294  #####
  ever_seen             +0.003  

==================================================================
HELD-OUT RANKING   (report these, not AUC)
==================================================================

  random baseline precision = 0.0360%

       k   hits   precision    recall     lift
      10      0       0.00%      0.0%       0x
      50      0       0.00%      0.0%       0x
     100      0       0.00%      0.0%       0x
     500      0       0.00%      0.0%       0x

  frequency-only baseline:
      10      0       0.00%      0.0%       0x
      50      0       0.00%      0.0%       0x
     100      0       0.00%      0.0%       0x
     500      0       0.00%      0.0%       0x

  PER-MONTH RANKING -- rank within each of the 18 test months separately,
  then pool. This is how a forecaster is used: one short list per
  month. The pooled ranking above can be monopolised by one month.
    k/month   hits  slots   precision    recall    lift
          1      0     18       0.00%      0.0%      0x
          5      0     90       0.00%      0.0%      0x
         10      0    180       0.00%      0.0%      0x
         25      0    450       0.00%      0.0%      0x

  PER-MONTH, PER-GROUP -- top 1 candidate for each group each month
